Archive member included to satisfy reference by file (symbol)

/usr/lib/gcc/arm-none-eabi/10.3.1/../../../arm-none-eabi/lib/thumb/v7-m/nofp/libg_nano.a(lib_a-fflush.o)
                              ./output/startup_gcc.o (fflush)
/usr/lib/gcc/arm-none-eabi/10.3.1/../../../arm-none-eabi/lib/thumb/v7-m/nofp/libg_nano.a(lib_a-findfp.o)
                              /usr/lib/gcc/arm-none-eabi/10.3.1/../../../arm-none-eabi/lib/thumb/v7-m/nofp/libg_nano.a(lib_a-fflush.o) (__sinit)
/usr/lib/gcc/arm-none-eabi/10.3.1/../../../arm-none-eabi/lib/thumb/v7-m/nofp/libg_nano.a(lib_a-fwalk.o)
                              /usr/lib/gcc/arm-none-eabi/10.3.1/../../../arm-none-eabi/lib/thumb/v7-m/nofp/libg_nano.a(lib_a-findfp.o) (_fwalk)
/usr/lib/gcc/arm-none-eabi/10.3.1/../../../arm-none-eabi/lib/thumb/v7-m/nofp/libg_nano.a(lib_a-impure.o)
                              /usr/lib/gcc/arm-none-eabi/10.3.1/../../../arm-none-eabi/lib/thumb/v7-m/nofp/libg_nano.a(lib_a-fflush.o) (_global_impure_ptr)
/usr/lib/gcc/arm-none-eabi/10.3.1/../../../arm-none-eabi/lib/thumb/v7-m/nofp/libg_nano.a(lib_a-memcmp.o)
                              ./output/MessageBufferDemo.o (memcmp)
/usr/lib/gcc/arm-none-eabi/10.3.1/../../../arm-none-eabi/lib/thumb/v7-m/nofp/libg_nano.a(lib_a-memcpy.o)
                              ./output/queue.o (memcpy)
/usr/lib/gcc/arm-none-eabi/10.3.1/../../../arm-none-eabi/lib/thumb/v7-m/nofp/libg_nano.a(lib_a-memset.o)
                              ./output/stream_buffer.o (memset)
/usr/lib/gcc/arm-none-eabi/10.3.1/../../../arm-none-eabi/lib/thumb/v7-m/nofp/libg_nano.a(lib_a-nano-freer.o)
                              /usr/lib/gcc/arm-none-eabi/10.3.1/../../../arm-none-eabi/lib/thumb/v7-m/nofp/libg_nano.a(lib_a-fflush.o) (_free_r)
/usr/lib/gcc/arm-none-eabi/10.3.1/../../../arm-none-eabi/lib/thumb/v7-m/nofp/libg_nano.a(lib_a-nano-mallocr.o)
                              /usr/lib/gcc/arm-none-eabi/10.3.1/../../../arm-none-eabi/lib/thumb/v7-m/nofp/libg_nano.a(lib_a-findfp.o) (_malloc_r)
/usr/lib/gcc/arm-none-eabi/10.3.1/../../../arm-none-eabi/lib/thumb/v7-m/nofp/libg_nano.a(lib_a-sbrkr.o)
                              /usr/lib/gcc/arm-none-eabi/10.3.1/../../../arm-none-eabi/lib/thumb/v7-m/nofp/libg_nano.a(lib_a-nano-mallocr.o) (_sbrk_r)
/usr/lib/gcc/arm-none-eabi/10.3.1/../../../arm-none-eabi/lib/thumb/v7-m/nofp/libg_nano.a(lib_a-stdio.o)
                              /usr/lib/gcc/arm-none-eabi/10.3.1/../../../arm-none-eabi/lib/thumb/v7-m/nofp/libg_nano.a(lib_a-findfp.o) (__sread)
/usr/lib/gcc/arm-none-eabi/10.3.1/../../../arm-none-eabi/lib/thumb/v7-m/nofp/libg_nano.a(lib_a-strcmp.o)
                              ./output/MessageBufferAMP.o (strcmp)
/usr/lib/gcc/arm-none-eabi/10.3.1/../../../arm-none-eabi/lib/thumb/v7-m/nofp/libg_nano.a(lib_a-strlen-stub.o)
                              ./output/tasks.o (strlen)
/usr/lib/gcc/arm-none-eabi/10.3.1/../../../arm-none-eabi/lib/thumb/v7-m/nofp/libg_nano.a(lib_a-writer.o)
                              /usr/lib/gcc/arm-none-eabi/10.3.1/../../../arm-none-eabi/lib/thumb/v7-m/nofp/libg_nano.a(lib_a-stdio.o) (_write_r)
/usr/lib/gcc/arm-none-eabi/10.3.1/../../../arm-none-eabi/lib/thumb/v7-m/nofp/libg_nano.a(lib_a-closer.o)
                              /usr/lib/gcc/arm-none-eabi/10.3.1/../../../arm-none-eabi/lib/thumb/v7-m/nofp/libg_nano.a(lib_a-stdio.o) (_close_r)
/usr/lib/gcc/arm-none-eabi/10.3.1/../../../arm-none-eabi/lib/thumb/v7-m/nofp/libg_nano.a(lib_a-lseekr.o)
                              /usr/lib/gcc/arm-none-eabi/10.3.1/../../../arm-none-eabi/lib/thumb/v7-m/nofp/libg_nano.a(lib_a-stdio.o) (_lseek_r)
/usr/lib/gcc/arm-none-eabi/10.3.1/../../../arm-none-eabi/lib/thumb/v7-m/nofp/libg_nano.a(lib_a-mlock.o)
                              /usr/lib/gcc/arm-none-eabi/10.3.1/../../../arm-none-eabi/lib/thumb/v7-m/nofp/libg_nano.a(lib_a-nano-freer.o) (__malloc_lock)
/usr/lib/gcc/arm-none-eabi/10.3.1/../../../arm-none-eabi/lib/thumb/v7-m/nofp/libg_nano.a(lib_a-readr.o)
                              /usr/lib/gcc/arm-none-eabi/10.3.1/../../../arm-none-eabi/lib/thumb/v7-m/nofp/libg_nano.a(lib_a-stdio.o) (_read_r)
/usr/lib/gcc/arm-none-eabi/10.3.1/../../../arm-none-eabi/lib/thumb/v7-m/nofp/libg_nano.a(lib_a-reent.o)
                              /usr/lib/gcc/arm-none-eabi/10.3.1/../../../arm-none-eabi/lib/thumb/v7-m/nofp/libg_nano.a(lib_a-sbrkr.o) (errno)
/usr/lib/gcc/arm-none-eabi/10.3.1/../../../arm-none-eabi/lib/thumb/v7-m/nofp/librdimon_nano.a(rdimon-syscalls.o)
                              /usr/lib/gcc/arm-none-eabi/10.3.1/../../../arm-none-eabi/lib/thumb/v7-m/nofp/libg_nano.a(lib_a-readr.o) (_read)
/usr/lib/gcc/arm-none-eabi/10.3.1/../../../arm-none-eabi/lib/thumb/v7-m/nofp/libc_nano.a(lib_a-errno.o)
                              /usr/lib/gcc/arm-none-eabi/10.3.1/../../../arm-none-eabi/lib/thumb/v7-m/nofp/librdimon_nano.a(rdimon-syscalls.o) (__errno)

Discarded input sections

 .group         0x0000000000000000        0xc ./output/list.o
[...]
Memory Configuration

Name             Origin             Length             Attributes
FLASH            0x0000000000000000 0x0000000000400000 xr
RAM              0x0000000020000000 0x0000000000400000 rw
*default*        0x0000000000000000 0xffffffffffffffff

Linker script and memory map

LOAD ./output/list.o
LOAD ./output/queue.o
LOAD ./output/timers.o
LOAD ./output/event_groups.o
LOAD ./output/stream_buffer.o
LOAD ./output/heap_4.o
LOAD ./output/port.o
LOAD ./output/tasks.o
LOAD ./output/AbortDelay.o
LOAD ./output/BlockQ.o
LOAD ./output/blocktim.o
LOAD ./output/countsem.o
LOAD ./output/death.o
LOAD ./output/dynamic.o
LOAD ./output/EventGroupsDemo.o
LOAD ./output/GenQTest.o
LOAD ./output/integer.o
LOAD ./output/IntQueue.o
LOAD ./output/IntQueueTimer.o
LOAD ./output/IntSemTest.o
LOAD ./output/MessageBufferAMP.o
LOAD ./output/MessageBufferDemo.o
LOAD ./output/PollQ.o
LOAD ./output/QPeek.o
LOAD ./output/QueueOverwrite.o
LOAD ./output/QueueSet.o
LOAD ./output/QueueSetPolling.o
LOAD ./output/recmutex.o
LOAD ./output/semtest.o
LOAD ./output/StaticAllocation.o
LOAD ./output/StreamBufferDemo.o
LOAD ./output/StreamBufferInterrupt.o
LOAD ./output/TaskNotify.o
LOAD ./output/TaskNotifyArray.o
LOAD ./output/TimerDemo.o
LOAD ./output/main.o
LOAD ./output/main_tasks_edf.o
LOAD ./output/startup_gcc.o
LOAD ./output/printf-stdarg.o
                0x0000000000000008                _Min_Heap_Size = 0x8
                0x0000000000000400                _Min_Stack_Size = 0x400
                0x0000000020400000                _estack = (ORIGIN (RAM) + LENGTH (RAM))

.isr_vector     0x0000000000000000       0x78
                0x0000000000000000                __vector_table = .
 *(.isr_vector)
 .isr_vector    0x0000000000000000       0x78 ./output/startup_gcc.o
                0x0000000000000000                isr_vector
                0x0000000000000078                . = ALIGN (0x4)

.text           0x0000000000000078     0x1624
 *(.text)
 .text          0x0000000000000078      0x1dc /usr/lib/gcc/arm-none-eabi/10.3.1/../../../arm-none-eabi/lib/thumb/v7-m/nofp/libg_nano.a(lib_a-fflush.o)
                0x0000000000000078                __sflush_r
                0x0000000000000180                _fflush_r
                0x00000000000001d4                fflush
 .text          0x0000000000000254      0x230 /usr/lib/gcc/arm-none-eabi/10.3.1/../../../arm-none-eabi/lib/thumb/v7-m/nofp/libg_nano.a(lib_a-findfp.o)
                0x0000000000000258                _cleanup_r
                0x0000000000000268                __sfmoreglue
                0x0000000000000298                __sfp
                0x0000000000000430                _cleanup
                0x0000000000000444                __sinit
                0x000000000000044c                __sfp_lock_acquire
                0x0000000000000450                __sfp_lock_release
                0x0000000000000454                __sinit_lock_acquire
                0x0000000000000458                __sinit_lock_release
                0x000000000000045c                __fp_lock_all
                0x0000000000000470                __fp_unlock_all
 .text          0x0000000000000484       0x88 /usr/lib/gcc/arm-none-eabi/10.3.1/../../../arm-none-eabi/lib/thumb/v7-m/nofp/libg_nano.a(lib_a-fwalk.o)
                0x0000000000000484                _fwalk
                0x00000000000004c4                _fwalk_reent
 .text          0x000000000000050c       0xec /usr/lib/gcc/arm-none-eabi/10.3.1/../../../arm-none-eabi/lib/thumb/v7-m/nofp/libg_nano.a(lib_a-memcpy.o)
                0x000000000000050c                memcpy
 .text          0x00000000000005f8       0xa4 /usr/lib/gcc/arm-none-eabi/10.3.1/../../../arm-none-eabi/lib/thumb/v7-m/nofp/libg_nano.a(lib_a-memset.o)
                0x00000000000005f8                memset
 .text          0x000000000000069c       0xcc /usr/lib/gcc/arm-none-eabi/10.3.1/../../../arm-none-eabi/lib/thumb/v7-m/nofp/libg_nano.a(lib_a-nano-freer.o)
                0x000000000000069c                _free_r
 .text          0x0000000000000768       0xb8 /usr/lib/gcc/arm-none-eabi/10.3.1/../../../arm-none-eabi/lib/thumb/v7-m/nofp/libg_nano.a(lib_a-nano-mallocr.o)
                0x0000000000000768                _malloc_r
 .text          0x0000000000000820       0x24 /usr/lib/gcc/arm-none-eabi/10.3.1/../../../arm-none-eabi/lib/thumb/v7-m/nofp/libg_nano.a(lib_a-sbrkr.o)
                0x0000000000000820                _sbrk_r
 .text          0x0000000000000844       0x90 /usr/lib/gcc/arm-none-eabi/10.3.1/../../../arm-none-eabi/lib/thumb/v7-m/nofp/libg_nano.a(lib_a-stdio.o)
                0x0000000000000844                __sread
                0x0000000000000868                __seofread
                0x000000000000086c                __swrite
                0x00000000000008ac                __sseek
                0x00000000000008cc                __sclose
 .text          0x00000000000008d4       0x5c /usr/lib/gcc/arm-none-eabi/10.3.1/../../../arm-none-eabi/lib/thumb/v7-m/nofp/libg_nano.a(lib_a-strlen-stub.o)
                0x00000000000008d4                strlen
 .text          0x0000000000000930       0x2c /usr/lib/gcc/arm-none-eabi/10.3.1/../../../arm-none-eabi/lib/thumb/v7-m/nofp/libg_nano.a(lib_a-writer.o)
                0x0000000000000930                _write_r
 .text          0x000000000000095c       0x24 /usr/lib/gcc/arm-none-eabi/10.3.1/../../../arm-none-eabi/lib/thumb/v7-m/nofp/libg_nano.a(lib_a-closer.o)
                0x000000000000095c                _close_r
 .text          0x0000000000000980       0x2c /usr/lib/gcc/arm-none-eabi/10.3.1/../../../arm-none-eabi/lib/thumb/v7-m/nofp/libg_nano.a(lib_a-lseekr.o)
                0x0000000000000980                _lseek_r
 .text          0x00000000000009ac        0x8 /usr/lib/gcc/arm-none-eabi/10.3.1/../../../arm-none-eabi/lib/thumb/v7-m/nofp/libg_nano.a(lib_a-mlock.o)
                0x00000000000009ac                __malloc_lock
                0x00000000000009b0                __malloc_unlock
 .text          0x00000000000009b4       0x2c /usr/lib/gcc/arm-none-eabi/10.3.1/../../../arm-none-eabi/lib/thumb/v7-m/nofp/libg_nano.a(lib_a-readr.o)
                0x00000000000009b4                _read_r
 .text          0x00000000000009e0      0xa10 /usr/lib/gcc/arm-none-eabi/10.3.1/../../../arm-none-eabi/lib/thumb/v7-m/nofp/librdimon_nano.a(rdimon-syscalls.o)
                0x00000000000009e0                _swiread
                0x0000000000000a1c                _read
                0x0000000000000aac                _swilseek
                0x0000000000000b90                _lseek
                0x0000000000000b94                _swiwrite
                0x0000000000000bd0                _write
                0x0000000000000c8c                _swiclose
                0x0000000000000cc4                _close
                0x0000000000000d5c                _getpid
                0x0000000000000d60                _sbrk
                0x0000000000000db4                _swistat
                0x0000000000000e34                _fstat
                0x0000000000000e50                _stat
                0x0000000000000e8c                _swiopen
                0x0000000000000f58                _open
                0x0000000000000f6c                _get_semihosting_exts
                0x000000000000107c                _has_ext_exit_extended
                0x00000000000010bc                _has_ext_stdout_stderr
                0x00000000000010fc                initialise_monitor_handles
                0x0000000000001228                _link
                0x000000000000123c                _unlink
                0x000000000000127c                _gettimeofday
                0x00000000000012a4                _clock
                0x00000000000012b8                _times
                0x00000000000012d8                _isatty
                0x0000000000001340                _system
                0x000000000000139c                _rename
 .text          0x00000000000013f0        0xc /usr/lib/gcc/arm-none-eabi/10.3.1/../../../arm-none-eabi/lib/thumb/v7-m/nofp/libc_nano.a(lib_a-errno.o)
                0x00000000000013f0                __errno
 *(.rodata*)
 .rodata        0x00000000000013fc       0x1e ./output/queue.o
 *fill*         0x000000000000141a        0x2 
 .rodata        0x000000000000141c       0x2d ./output/timers.o
 *fill*         0x0000000000001449        0x3 
 .rodata        0x000000000000144c       0x30 ./output/heap_4.o
 .rodata        0x000000000000147c       0x32 ./output/port.o
 *fill*         0x00000000000014ae        0x2 
 .rodata        0x00000000000014b0       0x7e ./output/tasks.o
 *fill*         0x000000000000152e        0x2 
 .rodata        0x0000000000001530       0x9b ./output/main.o
 *fill*         0x00000000000015cb        0x1 
 .rodata        0x00000000000015cc        0xe ./output/main_tasks_edf.o
 *fill*         0x00000000000015da        0x2 
 .rodata        0x00000000000015dc       0x36 ./output/startup_gcc.o
 *fill*         0x0000000000001612        0x2 
 .rodata        0x0000000000001614        0x7 ./output/printf-stdarg.o
 *fill*         0x000000000000161b        0x1 
 .rodata        0x000000000000161c       0x60 /usr/lib/gcc/arm-none-eabi/10.3.1/../../../arm-none-eabi/lib/thumb/v7-m/nofp/libg_nano.a(lib_a-findfp.o)
                0x000000000000161c                __sf_fake_stderr
                0x000000000000163c                __sf_fake_stdout
                0x000000000000165c                __sf_fake_stdin
 .rodata        0x000000000000167c        0x4 /usr/lib/gcc/arm-none-eabi/10.3.1/../../../arm-none-eabi/lib/thumb/v7-m/nofp/libg_nano.a(lib_a-impure.o)
                0x000000000000167c                _global_impure_ptr
 .rodata.str1.4
                0x0000000000001680       0x1c /usr/lib/gcc/arm-none-eabi/10.3.1/../../../arm-none-eabi/lib/thumb/v7-m/nofp/librdimon_nano.a(rdimon-syscalls.o)
 *(.constdata*)
                0x000000000000169c                _etext = .
                0x000000000000169c                _sidata = .

.glue_7         0x000000000000169c        0x0
 .glue_7        0x000000000000169c        0x0 linker stubs

.glue_7t        0x000000000000169c        0x0
 .glue_7t       0x000000000000169c        0x0 linker stubs

.vfp11_veneer   0x000000000000169c        0x0
 .vfp11_veneer  0x000000000000169c        0x0 linker stubs

.v4_bx          0x000000000000169c        0x0
 .v4_bx         0x000000000000169c        0x0 linker stubs

.text.vListInitialise
                0x000000000000169c       0x3e
 .text.vListInitialise
                0x000000000000169c       0x3e ./output/list.o
                0x000000000000169c                vListInitialise

.text.vListInitialiseItem
                0x00000000000016da       0x18
 .text.vListInitialiseItem
                0x00000000000016da       0x18 ./output/list.o
                0x00000000000016da                vListInitialiseItem

.text.vListInsert
                0x00000000000016f2       0x70
 .text.vListInsert
                0x00000000000016f2       0x70 ./output/list.o
                0x00000000000016f2                vListInsert

.text.uxListRemove
                0x0000000000001762       0x52
 .text.uxListRemove
                0x0000000000001762       0x52 ./output/list.o
                0x0000000000001762                uxListRemove

.text.xQueueGenericReset
                0x00000000000017b4      0x10c
 .text.xQueueGenericReset
                0x00000000000017b4      0x10c ./output/queue.o
                0x00000000000017b4                xQueueGenericReset

.text.xQueueGenericCreate
                0x00000000000018c0       0x94
 .text.xQueueGenericCreate
                0x00000000000018c0       0x94 ./output/queue.o
                0x00000000000018c0                xQueueGenericCreate

.text.prvInitialiseNewQueue
                0x0000000000001954       0x4c
 .text.prvInitialiseNewQueue
                0x0000000000001954       0x4c ./output/queue.o

.text.xQueueGenericSendFromISR
                0x00000000000019a0      0x168
 .text.xQueueGenericSendFromISR
                0x00000000000019a0      0x168 ./output/queue.o
                0x00000000000019a0                xQueueGenericSendFromISR

.text.xQueueReceive
                0x0000000000001b08      0x1a0
 .text.xQueueReceive
                0x0000000000001b08      0x1a0 ./output/queue.o
                0x0000000000001b08                xQueueReceive

.text.xQueueReceiveFromISR
                0x0000000000001ca8      0x110
 .text.xQueueReceiveFromISR
                0x0000000000001ca8      0x110 ./output/queue.o
                0x0000000000001ca8                xQueueReceiveFromISR

.text.prvCopyDataToQueue
                0x0000000000001db8       0xd4
 .text.prvCopyDataToQueue
                0x0000000000001db8       0xd4 ./output/queue.o

.text.prvCopyDataFromQueue
                0x0000000000001e8c       0x4c
 .text.prvCopyDataFromQueue
                0x0000000000001e8c       0x4c ./output/queue.o

.text.prvUnlockQueue
                0x0000000000001ed8       0xbe
 .text.prvUnlockQueue
                0x0000000000001ed8       0xbe ./output/queue.o

.text.prvIsQueueEmpty
                0x0000000000001f96       0x2c
 .text.prvIsQueueEmpty
                0x0000000000001f96       0x2c ./output/queue.o

.text.xQueueIsQueueFullFromISR
                0x0000000000001fc4       0x40
 .text.xQueueIsQueueFullFromISR
                0x0000000000001fc4       0x40 ./output/queue.o
                0x0000000000001fc4                xQueueIsQueueFullFromISR

.text.vQueueAddToRegistry
                0x0000000000002004       0x90
 .text.vQueueAddToRegistry
                0x0000000000002004       0x90 ./output/queue.o
                0x0000000000002004                vQueueAddToRegistry

.text.vQueueWaitForMessageRestricted
                0x0000000000002094       0x68
 .text.vQueueWaitForMessageRestricted
                0x0000000000002094       0x68 ./output/queue.o
                0x0000000000002094                vQueueWaitForMessageRestricted

.text.prvNotifyQueueSetContainer
                0x00000000000020fc       0xc0
 .text.prvNotifyQueueSetContainer
                0x00000000000020fc       0xc0 ./output/queue.o

.iplt           0x00000000000021bc        0x0
 .iplt          0x00000000000021bc        0x0 ./output/queue.o

.text.xTimerCreateTimerTask
                0x00000000000021bc       0x5c
 .text.xTimerCreateTimerTask
                0x00000000000021bc       0x5c ./output/timers.o
                0x00000000000021bc                xTimerCreateTimerTask

.text.prvReloadTimer
                0x0000000000002218       0x42
 .text.prvReloadTimer
                0x0000000000002218       0x42 ./output/timers.o

.text.prvProcessExpiredTimer
                0x000000000000225c       0x60
 .text.prvProcessExpiredTimer
                0x000000000000225c       0x60 ./output/timers.o

.text.prvTimerTask
                0x00000000000022bc       0x24
 .text.prvTimerTask
                0x00000000000022bc       0x24 ./output/timers.o

.text.prvProcessTimerOrBlockTask
                0x00000000000022e0       0x9c
 .text.prvProcessTimerOrBlockTask
                0x00000000000022e0       0x9c ./output/timers.o

.text.prvGetNextExpireTime
                0x000000000000237c       0x44
 .text.prvGetNextExpireTime
                0x000000000000237c       0x44 ./output/timers.o

.text.prvSampleTimeNow
                0x00000000000023c0       0x40
 .text.prvSampleTimeNow
                0x00000000000023c0       0x40 ./output/timers.o

.text.prvInsertTimerInActiveList
                0x0000000000002400       0x84
 .text.prvInsertTimerInActiveList
                0x0000000000002400       0x84 ./output/timers.o

.text.prvProcessReceivedCommands
                0x0000000000002484      0x1a0
 .text.prvProcessReceivedCommands
                0x0000000000002484      0x1a0 ./output/timers.o

.text.prvSwitchTimerLists
                0x0000000000002624       0x4c
 .text.prvSwitchTimerLists
                0x0000000000002624       0x4c ./output/timers.o

.text.prvCheckForValidListAndQueue
                0x0000000000002670       0x6c
 .text.prvCheckForValidListAndQueue
                0x0000000000002670       0x6c ./output/timers.o

.text.pvPortMalloc
                0x00000000000026dc      0x168
 .text.pvPortMalloc
                0x00000000000026dc      0x168 ./output/heap_4.o
                0x00000000000026dc                pvPortMalloc

.text.vPortFree
                0x0000000000002844       0xa4
 .text.vPortFree
                0x0000000000002844       0xa4 ./output/heap_4.o
                0x0000000000002844                vPortFree

.text.prvHeapInit
                0x00000000000028e8       0xb8
 .text.prvHeapInit
                0x00000000000028e8       0xb8 ./output/heap_4.o

.text.prvInsertBlockIntoFreeList
                0x00000000000029a0       0xb0
 .text.prvInsertBlockIntoFreeList
                0x00000000000029a0       0xb0 ./output/heap_4.o

.text.pxPortInitialiseStack
                0x0000000000002a50       0x58
 .text.pxPortInitialiseStack
                0x0000000000002a50       0x58 ./output/port.o
                0x0000000000002a50                pxPortInitialiseStack

.text.prvTaskExitError
                0x0000000000002aa8       0x4c
 .text.prvTaskExitError
                0x0000000000002aa8       0x4c ./output/port.o

.text.vPortSVCHandler
                0x0000000000002b00       0x28
 .text.vPortSVCHandler
                0x0000000000002b00       0x28 ./output/port.o
                0x0000000000002b00                vPortSVCHandler

.text.prvPortStartFirstTask
                0x0000000000002b28       0x24
 .text.prvPortStartFirstTask
                0x0000000000002b28       0x24 ./output/port.o

.text.xPortStartScheduler
                0x0000000000002b4c       0xc0
 .text.xPortStartScheduler
                0x0000000000002b4c       0xc0 ./output/port.o
                0x0000000000002b4c                xPortStartScheduler

.text.vPortEnterCritical
                0x0000000000002c0c       0x54
 .text.vPortEnterCritical
                0x0000000000002c0c       0x54 ./output/port.o
                0x0000000000002c0c                vPortEnterCritical

.text.vPortExitCritical
                0x0000000000002c60       0x48
 .text.vPortExitCritical
                0x0000000000002c60       0x48 ./output/port.o
                0x0000000000002c60                vPortExitCritical

.text.xPortPendSVHandler
                0x0000000000002cb0       0x48
 .text.xPortPendSVHandler
                0x0000000000002cb0       0x48 ./output/port.o
                0x0000000000002cb0                xPortPendSVHandler

.text.xPortSysTickHandler
                0x0000000000002cf8       0x44
 .text.xPortSysTickHandler
                0x0000000000002cf8       0x44 ./output/port.o
                0x0000000000002cf8                xPortSysTickHandler

.text.vPortSetupTimerInterrupt
                0x0000000000002d3c       0x34
 .text.vPortSetupTimerInterrupt
                0x0000000000002d3c       0x34 ./output/port.o
                0x0000000000002d3c                vPortSetupTimerInterrupt

.text.vPortValidateInterruptPriority
                0x0000000000002d70       0x68
 .text.vPortValidateInterruptPriority
                0x0000000000002d70       0x68 ./output/port.o
                0x0000000000002d70                vPortValidateInterruptPriority

.text.xTaskCreate
                0x0000000000002dd8       0x8c
 .text.xTaskCreate
                0x0000000000002dd8       0x8c ./output/tasks.o
                0x0000000000002dd8                xTaskCreate

.text.xTaskPeriodicCreate
                0x0000000000002e64       0x98
 .text.xTaskPeriodicCreate
                0x0000000000002e64       0x98 ./output/tasks.o
                0x0000000000002e64                xTaskPeriodicCreate

.text.prvInitialiseNewTask
                0x0000000000002efc      0x108
 .text.prvInitialiseNewTask
                0x0000000000002efc      0x108 ./output/tasks.o

.text.prvAddNewTaskToReadyList
                0x0000000000003004       0xb8
 .text.prvAddNewTaskToReadyList
                0x0000000000003004       0xb8 ./output/tasks.o

.text.xTaskDelayUntil
                0x00000000000030bc      0x10c
 .text.xTaskDelayUntil
                0x00000000000030bc      0x10c ./output/tasks.o
                0x00000000000030bc                xTaskDelayUntil

.text.vTaskStartScheduler
                0x00000000000031c8       0xc8
 .text.vTaskStartScheduler
                0x00000000000031c8       0xc8 ./output/tasks.o
                0x00000000000031c8                vTaskStartScheduler

.text.vTaskSuspendAll
                0x0000000000003290       0x1c
 .text.vTaskSuspendAll
                0x0000000000003290       0x1c ./output/tasks.o
                0x0000000000003290                vTaskSuspendAll

.text.xTaskResumeAll
                0x00000000000032ac      0x178
 .text.xTaskResumeAll
                0x00000000000032ac      0x178 ./output/tasks.o
                0x00000000000032ac                xTaskResumeAll

.text.xTaskGetTickCount
                0x0000000000003424       0x1c
 .text.xTaskGetTickCount
                0x0000000000003424       0x1c ./output/tasks.o
                0x0000000000003424                xTaskGetTickCount

.text.uxTaskGetNumberOfTasks
                0x0000000000003440       0x14
 .text.uxTaskGetNumberOfTasks
                0x0000000000003440       0x14 ./output/tasks.o
                0x0000000000003440                uxTaskGetNumberOfTasks

.text.pcTaskGetName
                0x0000000000003454       0x3c
 .text.pcTaskGetName
                0x0000000000003454       0x3c ./output/tasks.o
                0x0000000000003454                pcTaskGetName

.text.xTaskIncrementTick
                0x0000000000003490      0x1a4
 .text.xTaskIncrementTick
                0x0000000000003490      0x1a4 ./output/tasks.o
                0x0000000000003490                xTaskIncrementTick

.text.vTaskSwitchContext
                0x0000000000003634       0xd4
 .text.vTaskSwitchContext
                0x0000000000003634       0xd4 ./output/tasks.o
                0x0000000000003634                vTaskSwitchContext

.text.vTaskPlaceOnEventList
                0x0000000000003708       0x40
 .text.vTaskPlaceOnEventList
                0x0000000000003708       0x40 ./output/tasks.o
                0x0000000000003708                vTaskPlaceOnEventList

.text.vTaskPlaceOnEventListRestricted
                0x0000000000003748       0xbc
 .text.vTaskPlaceOnEventListRestricted
                0x0000000000003748       0xbc ./output/tasks.o
                0x0000000000003748                vTaskPlaceOnEventListRestricted

.text.xTaskRemoveFromEventList
                0x0000000000003804      0x12c
 .text.xTaskRemoveFromEventList
                0x0000000000003804      0x12c ./output/tasks.o
                0x0000000000003804                xTaskRemoveFromEventList

.text.vTaskInternalSetTimeOutState
                0x0000000000003930       0x2c
 .text.vTaskInternalSetTimeOutState
                0x0000000000003930       0x2c ./output/tasks.o
                0x0000000000003930                vTaskInternalSetTimeOutState

.text.xTaskCheckForTimeOut
                0x000000000000395c       0xd8
 .text.xTaskCheckForTimeOut
                0x000000000000395c       0xd8 ./output/tasks.o
                0x000000000000395c                xTaskCheckForTimeOut

.text.vTaskMissedYield
                0x0000000000003a34       0x18
 .text.vTaskMissedYield
                0x0000000000003a34       0x18 ./output/tasks.o
                0x0000000000003a34                vTaskMissedYield

.text.prvIdleTask
                0x0000000000003a4c       0x8c
 .text.prvIdleTask
                0x0000000000003a4c       0x8c ./output/tasks.o

.text.prvInitialiseTaskLists
                0x0000000000003ad8       0x88
 .text.prvInitialiseTaskLists
                0x0000000000003ad8       0x88 ./output/tasks.o

.text.prvCheckTasksWaitingTermination
                0x0000000000003b60       0x5c
 .text.prvCheckTasksWaitingTermination
                0x0000000000003b60       0x5c ./output/tasks.o

.text.prvDeleteTCB
                0x0000000000003bbc       0x20
 .text.prvDeleteTCB
                0x0000000000003bbc       0x20 ./output/tasks.o

.text.prvResetNextTaskUnblockTime
                0x0000000000003bdc       0x34
 .text.prvResetNextTaskUnblockTime
                0x0000000000003bdc       0x34 ./output/tasks.o

.text.xTaskGetSchedulerState
                0x0000000000003c10       0x3c
 .text.xTaskGetSchedulerState
                0x0000000000003c10       0x3c ./output/tasks.o
                0x0000000000003c10                xTaskGetSchedulerState

.text.xTaskPriorityDisinherit
                0x0000000000003c4c       0xc0
 .text.xTaskPriorityDisinherit
                0x0000000000003c4c       0xc0 ./output/tasks.o
                0x0000000000003c4c                xTaskPriorityDisinherit

.text.prvAddCurrentTaskToDelayedList
                0x0000000000003d0c      0x108
 .text.prvAddCurrentTaskToDelayedList
                0x0000000000003d0c      0x108 ./output/tasks.o

.text.prvRecordValue_NormallyFull
                0x0000000000003e14       0x3c
 .text.prvRecordValue_NormallyFull
                0x0000000000003e14       0x3c ./output/IntQueue.o

.text.prvRecordValue_NormallyEmpty
                0x0000000000003e50       0x3c
 .text.prvRecordValue_NormallyEmpty
                0x0000000000003e50       0x3c ./output/IntQueue.o

.text.prvQueueAccessLogError
                0x0000000000003e8c       0x28
 .text.prvQueueAccessLogError
                0x0000000000003e8c       0x28 ./output/IntQueue.o

.text.xFirstTimerHandler
                0x0000000000003eb4      0x1b8
 .text.xFirstTimerHandler
                0x0000000000003eb4      0x1b8 ./output/IntQueue.o
                0x0000000000003eb4                xFirstTimerHandler

.text.xSecondTimerHandler
                0x000000000000406c      0x290
 .text.xSecondTimerHandler
                0x000000000000406c      0x290 ./output/IntQueue.o
                0x000000000000406c                xSecondTimerHandler

.text.TIMER0_Handler
                0x00000000000042fc       0x48
 .text.TIMER0_Handler
                0x00000000000042fc       0x48 ./output/IntQueueTimer.o
                0x00000000000042fc                TIMER0_Handler

.text.TIMER1_Handler
                0x0000000000004344       0x48
 .text.TIMER1_Handler
                0x0000000000004344       0x48 ./output/IntQueueTimer.o
                0x0000000000004344                TIMER1_Handler

.text.main      0x000000000000438c       0x10
 .text.main     0x000000000000438c       0x10 ./output/main.o
                0x000000000000438c                main

.text.vApplicationMallocFailedHook
                0x000000000000439c       0x28
 .text.vApplicationMallocFailedHook
                0x000000000000439c       0x28 ./output/main.o
                0x000000000000439c                vApplicationMallocFailedHook

.text.vApplicationStackOverflowHook
                0x00000000000043c4       0x2c
 .text.vApplicationStackOverflowHook
                0x00000000000043c4       0x2c ./output/main.o
                0x00000000000043c4                vApplicationStackOverflowHook

.text.vAssertCalled
                0x00000000000043f0       0x3c
 .text.vAssertCalled
                0x00000000000043f0       0x3c ./output/main.o
                0x00000000000043f0                vAssertCalled

.text.prvUARTInit
                0x000000000000442c       0x20
 .text.prvUARTInit
                0x000000000000442c       0x20 ./output/main.o

.text.main_tasks_edf
                0x000000000000444c       0x58
 .text.main_tasks_edf
                0x000000000000444c       0x58 ./output/main_tasks_edf.o
                0x000000000000444c                main_tasks_edf

.text.myTask1   0x00000000000044a4       0x50
 .text.myTask1  0x00000000000044a4       0x50 ./output/main_tasks_edf.o

.text.myTask2   0x00000000000044f4       0x50
 .text.myTask2  0x00000000000044f4       0x50 ./output/main_tasks_edf.o

.text.Reset_Handler
                0x0000000000004544        0xc
 .text.Reset_Handler
                0x0000000000004544        0xc ./output/startup_gcc.o
                0x0000000000004544                Reset_Handler

.text.prvGetRegistersFromStack
                0x0000000000004550       0x84
 .text.prvGetRegistersFromStack
                0x0000000000004550       0x84 ./output/startup_gcc.o
                0x0000000000004550                prvGetRegistersFromStack

.text.Default_Handler
                0x0000000000004600       0x18
 .text.Default_Handler
                0x0000000000004600       0x18 ./output/startup_gcc.o

.text.HardFault_Handler
                0x0000000000004700       0x1c
 .text.HardFault_Handler
                0x0000000000004700       0x1c ./output/startup_gcc.o

.text.printchar
                0x000000000000471c       0x62
 .text.printchar
                0x000000000000471c       0x62 ./output/printf-stdarg.o

.text.prints    0x000000000000477e       0xb6
 .text.prints   0x000000000000477e       0xb6 ./output/printf-stdarg.o

.text.printi    0x0000000000004834       0xe2
 .text.printi   0x0000000000004834       0xe2 ./output/printf-stdarg.o

.text.tiny_print
                0x0000000000004918      0x1fc
 .text.tiny_print
                0x0000000000004918      0x1fc ./output/printf-stdarg.o

.text.printf    0x0000000000004b14       0x2a
 .text.printf   0x0000000000004b14       0x2a ./output/printf-stdarg.o
                0x0000000000004b14                printf

.rel.dyn        0x0000000000004b40        0x0
 .rel.iplt      0x0000000000004b40        0x0 ./output/queue.o

.data           0x0000000020000000       0x70
                0x0000000020000000                . = ALIGN (0x8)
                0x0000000020000000                _data = .
                0x0000000020000000                _sdata = .
 *(vtable)
 *(.data)
 .data          0x0000000020000000       0x64 /usr/lib/gcc/arm-none-eabi/10.3.1/../../../arm-none-eabi/lib/thumb/v7-m/nofp/libg_nano.a(lib_a-impure.o)
                0x0000000020000000                _impure_ptr
 .data          0x0000000020000064        0xc /usr/lib/gcc/arm-none-eabi/10.3.1/../../../arm-none-eabi/lib/thumb/v7-m/nofp/librdimon_nano.a(rdimon-syscalls.o)
                0x0000000020000064                __heap_limit
                0x0000000020000070                _edata = .

.igot.plt       0x0000000020000070        0x0
 .igot.plt      0x0000000020000070        0x0 ./output/queue.o

.data.uxCriticalNesting
                0x0000000020000070        0x4
 .data.uxCriticalNesting
                0x0000000020000070        0x4 ./output/port.o

.data.uxTopUsedPriority
                0x0000000020000074        0x4
 .data.uxTopUsedPriority
                0x0000000020000074        0x4 ./output/tasks.o
                0x0000000020000074                uxTopUsedPriority

.data.xErrorStatus
                0x0000000020000078        0x4
 .data.xErrorStatus
                0x0000000020000078        0x4 ./output/IntQueue.o

.bss            0x000000002000007c       0xc0
                0x0000000020000080                . = ALIGN (0x8)
 *fill*         0x000000002000007c        0x4 
                0x0000000020000080                _bss = .
                0x0000000020000080                _sbss = .
 *(.bss)
 .bss           0x0000000020000080        0x8 /usr/lib/gcc/arm-none-eabi/10.3.1/../../../arm-none-eabi/lib/thumb/v7-m/nofp/libg_nano.a(lib_a-nano-mallocr.o)
                0x0000000020000080                __malloc_free_list
                0x0000000020000084                __malloc_sbrk_start
 .bss           0x0000000020000088        0x4 /usr/lib/gcc/arm-none-eabi/10.3.1/../../../arm-none-eabi/lib/thumb/v7-m/nofp/libg_nano.a(lib_a-reent.o)
                0x0000000020000088                errno
 .bss           0x000000002000008c       0xb0 /usr/lib/gcc/arm-none-eabi/10.3.1/../../../arm-none-eabi/lib/thumb/v7-m/nofp/librdimon_nano.a(rdimon-syscalls.o)
                0x000000002000013c                _ebss = .

.bss.xQueueRegistry
                0x000000002000013c       0x50
 .bss.xQueueRegistry
                0x000000002000013c       0x50 ./output/queue.o
                0x000000002000013c                xQueueRegistry

.bss.xActiveTimerList1
                0x000000002000018c       0x14
 .bss.xActiveTimerList1
                0x000000002000018c       0x14 ./output/timers.o

.bss.xActiveTimerList2
                0x00000000200001a0       0x14
 .bss.xActiveTimerList2
                0x00000000200001a0       0x14 ./output/timers.o

.bss.pxCurrentTimerList
                0x00000000200001b4        0x4
 .bss.pxCurrentTimerList
                0x00000000200001b4        0x4 ./output/timers.o

.bss.pxOverflowTimerList
                0x00000000200001b8        0x4
 .bss.pxOverflowTimerList
                0x00000000200001b8        0x4 ./output/timers.o

.bss.xTimerQueue
                0x00000000200001bc        0x4
 .bss.xTimerQueue
                0x00000000200001bc        0x4 ./output/timers.o

.bss.xTimerTaskHandle
                0x00000000200001c0        0x4
 .bss.xTimerTaskHandle
                0x00000000200001c0        0x4 ./output/timers.o

.bss.xLastTime.0
                0x00000000200001c4        0x4
 .bss.xLastTime.0
                0x00000000200001c4        0x4 ./output/timers.o

.bss.ucHeap     0x00000000200001c8     0xf000
 .bss.ucHeap    0x00000000200001c8     0xf000 ./output/heap_4.o

.bss.xStart     0x000000002000f1c8        0x8
 .bss.xStart    0x000000002000f1c8        0x8 ./output/heap_4.o

.bss.pxEnd      0x000000002000f1d0        0x4
 .bss.pxEnd     0x000000002000f1d0        0x4 ./output/heap_4.o

.bss.xFreeBytesRemaining
                0x000000002000f1d4        0x4
 .bss.xFreeBytesRemaining
                0x000000002000f1d4        0x4 ./output/heap_4.o

.bss.xMinimumEverFreeBytesRemaining
                0x000000002000f1d8        0x4
 .bss.xMinimumEverFreeBytesRemaining
                0x000000002000f1d8        0x4 ./output/heap_4.o

.bss.xNumberOfSuccessfulAllocations
                0x000000002000f1dc        0x4
 .bss.xNumberOfSuccessfulAllocations
                0x000000002000f1dc        0x4 ./output/heap_4.o

.bss.xNumberOfSuccessfulFrees
                0x000000002000f1e0        0x4
 .bss.xNumberOfSuccessfulFrees
                0x000000002000f1e0        0x4 ./output/heap_4.o

.bss.ucMaxSysCallPriority
                0x000000002000f1e4        0x1
 .bss.ucMaxSysCallPriority
                0x000000002000f1e4        0x1 ./output/port.o

.bss.ulMaxPRIGROUPValue
                0x000000002000f1e8        0x4
 .bss.ulMaxPRIGROUPValue
                0x000000002000f1e8        0x4 ./output/port.o

.bss.pxCurrentTCB
                0x000000002000f1ec        0x4
 .bss.pxCurrentTCB
                0x000000002000f1ec        0x4 ./output/tasks.o
                0x000000002000f1ec                pxCurrentTCB

.bss.pxReadyTasksLists
                0x000000002000f1f0       0xb4
 .bss.pxReadyTasksLists
                0x000000002000f1f0       0xb4 ./output/tasks.o

.bss.xDelayedTaskList1
                0x000000002000f2a4       0x14
 .bss.xDelayedTaskList1
                0x000000002000f2a4       0x14 ./output/tasks.o

.bss.xDelayedTaskList2
                0x000000002000f2b8       0x14
 .bss.xDelayedTaskList2
                0x000000002000f2b8       0x14 ./output/tasks.o

.bss.pxDelayedTaskList
                0x000000002000f2cc        0x4
 .bss.pxDelayedTaskList
                0x000000002000f2cc        0x4 ./output/tasks.o

.bss.pxOverflowDelayedTaskList
                0x000000002000f2d0        0x4
 .bss.pxOverflowDelayedTaskList
                0x000000002000f2d0        0x4 ./output/tasks.o

.bss.xPendingReadyList
                0x000000002000f2d4       0x14
 .bss.xPendingReadyList
                0x000000002000f2d4       0x14 ./output/tasks.o

.bss.xReadyTasksListEDF
                0x000000002000f2e8       0x14
 .bss.xReadyTasksListEDF
                0x000000002000f2e8       0x14 ./output/tasks.o

.bss.xTasksWaitingTermination
                0x000000002000f2fc       0x14
 .bss.xTasksWaitingTermination
                0x000000002000f2fc       0x14 ./output/tasks.o

.bss.uxDeletedTasksWaitingCleanUp
                0x000000002000f310        0x4
 .bss.uxDeletedTasksWaitingCleanUp
                0x000000002000f310        0x4 ./output/tasks.o

.bss.xSuspendedTaskList
                0x000000002000f314       0x14
 .bss.xSuspendedTaskList
                0x000000002000f314       0x14 ./output/tasks.o

.bss.uxCurrentNumberOfTasks
                0x000000002000f328        0x4
 .bss.uxCurrentNumberOfTasks
                0x000000002000f328        0x4 ./output/tasks.o

.bss.xTickCount
                0x000000002000f32c        0x4
 .bss.xTickCount
                0x000000002000f32c        0x4 ./output/tasks.o

.bss.uxTopReadyPriority
                0x000000002000f330        0x4
 .bss.uxTopReadyPriority
                0x000000002000f330        0x4 ./output/tasks.o

.bss.xSchedulerRunning
                0x000000002000f334        0x4
 .bss.xSchedulerRunning
                0x000000002000f334        0x4 ./output/tasks.o

.bss.xPendedTicks
                0x000000002000f338        0x4
 .bss.xPendedTicks
                0x000000002000f338        0x4 ./output/tasks.o

.bss.xYieldPending
                0x000000002000f33c        0x4
 .bss.xYieldPending
                0x000000002000f33c        0x4 ./output/tasks.o

.bss.xNumOfOverflows
                0x000000002000f340        0x4
 .bss.xNumOfOverflows
                0x000000002000f340        0x4 ./output/tasks.o

.bss.uxTaskNumber
                0x000000002000f344        0x4
 .bss.uxTaskNumber
                0x000000002000f344        0x4 ./output/tasks.o

.bss.xNextTaskUnblockTime
                0x000000002000f348        0x4
 .bss.xNextTaskUnblockTime
                0x000000002000f348        0x4 ./output/tasks.o

.bss.xIdleTaskHandle
                0x000000002000f34c        0x4
 .bss.xIdleTaskHandle
                0x000000002000f34c        0x4 ./output/tasks.o

.bss.uxSchedulerSuspended
                0x000000002000f350        0x4
 .bss.uxSchedulerSuspended
                0x000000002000f350        0x4 ./output/tasks.o

.bss.xNormallyEmptyQueue
                0x000000002000f354        0x4
 .bss.xNormallyEmptyQueue
                0x000000002000f354        0x4 ./output/IntQueue.o

.bss.xNormallyFullQueue
                0x000000002000f358        0x4
 .bss.xNormallyFullQueue
                0x000000002000f358        0x4 ./output/IntQueue.o

.bss.xErrorLine
                0x000000002000f35c        0x4
 .bss.xErrorLine
                0x000000002000f35c        0x4 ./output/IntQueue.o

.bss.uxValueForNormallyEmptyQueue
                0x000000002000f360        0x4
 .bss.uxValueForNormallyEmptyQueue
                0x000000002000f360        0x4 ./output/IntQueue.o

.bss.uxValueForNormallyFullQueue
                0x000000002000f364        0x4
 .bss.uxValueForNormallyFullQueue
                0x000000002000f364        0x4 ./output/IntQueue.o

.bss.ucNormallyEmptyReceivedValues
                0x000000002000f368       0xc8
 .bss.ucNormallyEmptyReceivedValues
                0x000000002000f368       0xc8 ./output/IntQueue.o

.bss.ucNormallyFullReceivedValues
                0x000000002000f430       0xc8
 .bss.ucNormallyFullReceivedValues
                0x000000002000f430       0xc8 ./output/IntQueue.o

.bss.uxNextOperation.5
                0x000000002000f4f8        0x4
 .bss.uxNextOperation.5
                0x000000002000f4f8        0x4 ./output/IntQueue.o

.bss.uxNextOperation.4
                0x000000002000f4fc        0x4
 .bss.uxNextOperation.4
                0x000000002000f4fc        0x4 ./output/IntQueue.o

.bss.ulNest     0x000000002000f500        0x4
 .bss.ulNest    0x000000002000f500        0x4 ./output/IntQueueTimer.o
                0x000000002000f500                ulNest

.bss.ulNestCount
                0x000000002000f504        0x4
 .bss.ulNestCount
                0x000000002000f504        0x4 ./output/IntQueueTimer.o
                0x000000002000f504                ulNestCount

.bss.myTask1Handle
                0x000000002000f508        0x4
 .bss.myTask1Handle
                0x000000002000f508        0x4 ./output/main_tasks_edf.o
                0x000000002000f508                myTask1Handle

.bss.myTask2Handle
                0x000000002000f50c        0x4
 .bss.myTask2Handle
                0x000000002000f50c        0x4 ./output/main_tasks_edf.o
                0x000000002000f50c                myTask2Handle

.bss.r0         0x000000002000f510        0x4
 .bss.r0        0x000000002000f510        0x4 ./output/startup_gcc.o
                0x000000002000f510                r0

.bss.r1         0x000000002000f514        0x4
 .bss.r1        0x000000002000f514        0x4 ./output/startup_gcc.o
                0x000000002000f514                r1

.bss.r2         0x000000002000f518        0x4
 .bss.r2        0x000000002000f518        0x4 ./output/startup_gcc.o
                0x000000002000f518                r2

.bss.r3         0x000000002000f51c        0x4
 .bss.r3        0x000000002000f51c        0x4 ./output/startup_gcc.o
                0x000000002000f51c                r3

.bss.r12        0x000000002000f520        0x4
 .bss.r12       0x000000002000f520        0x4 ./output/startup_gcc.o
                0x000000002000f520                r12

.bss.lr         0x000000002000f524        0x4
 .bss.lr        0x000000002000f524        0x4 ./output/startup_gcc.o
                0x000000002000f524                lr

.bss.pc         0x000000002000f528        0x4
 .bss.pc        0x000000002000f528        0x4 ./output/startup_gcc.o
                0x000000002000f528                pc

.bss.psr        0x000000002000f52c        0x4
 .bss.psr       0x000000002000f52c        0x4 ./output/startup_gcc.o
                0x000000002000f52c                psr

.heap           0x000000002000f530      0x408
                0x000000002000f530                . = ALIGN (0x8)
                0x000000002000f530                PROVIDE (end = .)
                [!provide]                        PROVIDE (_end = .)
                0x000000002000f530                _heap_bottom = .
                0x000000002000f538                . = (. + _Min_Heap_Size)
 *fill*         0x000000002000f530        0x8 
                0x000000002000f538                _heap_top = .
                0x000000002000f938                . = (. + _Min_Stack_Size)
 *fill*         0x000000002000f538      0x400 
                0x000000002000f938                . = ALIGN (0x8)
                0x0000000020400000                __StackTop = (ORIGIN (RAM) + LENGTH (RAM))
                0x00000000203ffc00                __StackLimit = (__StackTop - _Min_Stack_Size)
                [!provide]                        PROVIDE (__stack = __StackTop)
                0x0000000000000001                ASSERT ((__StackLimit >= _heap_top), region RAM overflowed with stack)
START GROUP
LOAD /usr/lib/gcc/arm-none-eabi/10.3.1/thumb/v7-m/nofp/libgcc.a
LOAD /usr/lib/gcc/arm-none-eabi/10.3.1/../../../arm-none-eabi/lib/thumb/v7-m/nofp/libg_nano.a
LOAD /usr/lib/gcc/arm-none-eabi/10.3.1/../../../arm-none-eabi/lib/thumb/v7-m/nofp/libc_nano.a
END GROUP
START GROUP
LOAD /usr/lib/gcc/arm-none-eabi/10.3.1/thumb/v7-m/nofp/libgcc.a
LOAD /usr/lib/gcc/arm-none-eabi/10.3.1/../../../arm-none-eabi/lib/thumb/v7-m/nofp/libc_nano.a
LOAD /usr/lib/gcc/arm-none-eabi/10.3.1/../../../arm-none-eabi/lib/thumb/v7-m/nofp/librdimon_nano.a
LOAD /usr/lib/gcc/arm-none-eabi/10.3.1/../../../arm-none-eabi/lib/thumb/v7-m/nofp/libnosys.a
END GROUP
START GROUP
LOAD /usr/lib/gcc/arm-none-eabi/10.3.1/thumb/v7-m/nofp/libgcc.a
LOAD /usr/lib/gcc/arm-none-eabi/10.3.1/../../../arm-none-eabi/lib/thumb/v7-m/nofp/libc_nano.a
LOAD /usr/lib/gcc/arm-none-eabi/10.3.1/../../../arm-none-eabi/lib/thumb/v7-m/nofp/libnosys.a
END GROUP
START GROUP
LOAD /usr/lib/gcc/arm-none-eabi/10.3.1/thumb/v7-m/nofp/libgcc.a
LOAD /usr/lib/gcc/arm-none-eabi/10.3.1/../../../arm-none-eabi/lib/thumb/v7-m/nofp/libc_nano.a
LOAD /usr/lib/gcc/arm-none-eabi/10.3.1/../../../arm-none-eabi/lib/thumb/v7-m/nofp/librdimon_nano.a
END GROUP
OUTPUT(./output/RTOSDemo.out elf32-littlearm)
LOAD linker stubs

.debug_info     0x0000000000000000    0x13201
 .debug_info    0x0000000000000000      0x2c5 ./output/list.o
 .debug_info    0x00000000000002c5     0x1578 ./output/queue.o
 .debug_info    0x000000000000183d      0xc96 ./output/timers.o
 .debug_info    0x00000000000024d3      0x463 ./output/heap_4.o
 .debug_info    0x0000000000002936      0x3b3 ./output/port.o
 .debug_info    0x0000000000002ce9     0x222d ./output/tasks.o
 .debug_info    0x0000000000004f16      0x903 ./output/IntQueue.o
 .debug_info    0x0000000000005819      0x5d0 ./output/IntQueueTimer.o
 .debug_info    0x0000000000005de9      0x4b4 ./output/main.o
 .debug_info    0x000000000000629d      0x21a ./output/main_tasks_edf.o
 .debug_info    0x00000000000064b7      0xa32 ./output/startup_gcc.o
 .debug_info    0x0000000000006ee9      0x449 ./output/printf-stdarg.o
 .debug_info    0x0000000000007332      0xb0a /usr/lib/gcc/arm-none-eabi/10.3.1/../../../arm-none-eabi/lib/thumb/v7-m/nofp/libg_nano.a(lib_a-fflush.o)
 .debug_info    0x0000000000007e3c      0xfae /usr/lib/gcc/arm-none-eabi/10.3.1/../../../arm-none-eabi/lib/thumb/v7-m/nofp/libg_nano.a(lib_a-findfp.o)
 .debug_info    0x0000000000008dea      0x900 /usr/lib/gcc/arm-none-eabi/10.3.1/../../../arm-none-eabi/lib/thumb/v7-m/nofp/libg_nano.a(lib_a-fwalk.o)
 .debug_info    0x00000000000096ea      0x863 /usr/lib/gcc/arm-none-eabi/10.3.1/../../../arm-none-eabi/lib/thumb/v7-m/nofp/libg_nano.a(lib_a-impure.o)
 .debug_info    0x0000000000009f4d       0x26 /usr/lib/gcc/arm-none-eabi/10.3.1/../../../arm-none-eabi/lib/thumb/v7-m/nofp/libg_nano.a(lib_a-memcpy.o)
 .debug_info    0x0000000000009f73      0x137 /usr/lib/gcc/arm-none-eabi/10.3.1/../../../arm-none-eabi/lib/thumb/v7-m/nofp/libg_nano.a(lib_a-memset.o)
 .debug_info    0x000000000000a0aa      0x940 /usr/lib/gcc/arm-none-eabi/10.3.1/../../../arm-none-eabi/lib/thumb/v7-m/nofp/libg_nano.a(lib_a-nano-freer.o)
 .debug_info    0x000000000000a9ea      0xa0c /usr/lib/gcc/arm-none-eabi/10.3.1/../../../arm-none-eabi/lib/thumb/v7-m/nofp/libg_nano.a(lib_a-nano-mallocr.o)
 .debug_info    0x000000000000b3f6      0x828 /usr/lib/gcc/arm-none-eabi/10.3.1/../../../arm-none-eabi/lib/thumb/v7-m/nofp/libg_nano.a(lib_a-sbrkr.o)
 .debug_info    0x000000000000bc1e      0xabc /usr/lib/gcc/arm-none-eabi/10.3.1/../../../arm-none-eabi/lib/thumb/v7-m/nofp/libg_nano.a(lib_a-stdio.o)
 .debug_info    0x000000000000c6da       0xbc /usr/lib/gcc/arm-none-eabi/10.3.1/../../../arm-none-eabi/lib/thumb/v7-m/nofp/libg_nano.a(lib_a-strlen-stub.o)
 .debug_info    0x000000000000c796      0x85a /usr/lib/gcc/arm-none-eabi/10.3.1/../../../arm-none-eabi/lib/thumb/v7-m/nofp/libg_nano.a(lib_a-writer.o)
 .debug_info    0x000000000000cff0      0x805 /usr/lib/gcc/arm-none-eabi/10.3.1/../../../arm-none-eabi/lib/thumb/v7-m/nofp/libg_nano.a(lib_a-closer.o)
 .debug_info    0x000000000000d7f5      0x83b /usr/lib/gcc/arm-none-eabi/10.3.1/../../../arm-none-eabi/lib/thumb/v7-m/nofp/libg_nano.a(lib_a-lseekr.o)
 .debug_info    0x000000000000e030      0x7dc /usr/lib/gcc/arm-none-eabi/10.3.1/../../../arm-none-eabi/lib/thumb/v7-m/nofp/libg_nano.a(lib_a-mlock.o)
 .debug_info    0x000000000000e80c      0x853 /usr/lib/gcc/arm-none-eabi/10.3.1/../../../arm-none-eabi/lib/thumb/v7-m/nofp/libg_nano.a(lib_a-readr.o)
 .debug_info    0x000000000000f05f      0xa7e /usr/lib/gcc/arm-none-eabi/10.3.1/../../../arm-none-eabi/lib/thumb/v7-m/nofp/libg_nano.a(lib_a-reent.o)
 .debug_info    0x000000000000fadd     0x2f76 /usr/lib/gcc/arm-none-eabi/10.3.1/../../../arm-none-eabi/lib/thumb/v7-m/nofp/librdimon_nano.a(rdimon-syscalls.o)
 .debug_info    0x0000000000012a53      0x7ae /usr/lib/gcc/arm-none-eabi/10.3.1/../../../arm-none-eabi/lib/thumb/v7-m/nofp/libc_nano.a(lib_a-errno.o)

.debug_abbrev   0x0000000000000000     0x3a7b
 .debug_abbrev  0x0000000000000000       0xf2 ./output/list.o
 .debug_abbrev  0x00000000000000f2      0x265 ./output/queue.o
 .debug_abbrev  0x0000000000000357      0x216 ./output/timers.o
 .debug_abbrev  0x000000000000056d      0x193 ./output/heap_4.o
 .debug_abbrev  0x0000000000000700      0x207 ./output/port.o
 .debug_abbrev  0x0000000000000907      0x30d ./output/tasks.o
 .debug_abbrev  0x0000000000000c14      0x206 ./output/IntQueue.o
 .debug_abbrev  0x0000000000000e1a      0x1b4 ./output/IntQueueTimer.o
 .debug_abbrev  0x0000000000000fce      0x1e4 ./output/main.o
 .debug_abbrev  0x00000000000011b2       0xce ./output/main_tasks_edf.o
 .debug_abbrev  0x0000000000001280      0x244 ./output/startup_gcc.o
 .debug_abbrev  0x00000000000014c4      0x163 ./output/printf-stdarg.o
 .debug_abbrev  0x0000000000001627      0x2da /usr/lib/gcc/arm-none-eabi/10.3.1/../../../arm-none-eabi/lib/thumb/v7-m/nofp/libg_nano.a(lib_a-fflush.o)
 .debug_abbrev  0x0000000000001901      0x3cd /usr/lib/gcc/arm-none-eabi/10.3.1/../../../arm-none-eabi/lib/thumb/v7-m/nofp/libg_nano.a(lib_a-findfp.o)
 .debug_abbrev  0x0000000000001cce      0x197 /usr/lib/gcc/arm-none-eabi/10.3.1/../../../arm-none-eabi/lib/thumb/v7-m/nofp/libg_nano.a(lib_a-fwalk.o)
 .debug_abbrev  0x0000000000001e65      0x151 /usr/lib/gcc/arm-none-eabi/10.3.1/../../../arm-none-eabi/lib/thumb/v7-m/nofp/libg_nano.a(lib_a-impure.o)
 .debug_abbrev  0x0000000000001fb6       0x14 /usr/lib/gcc/arm-none-eabi/10.3.1/../../../arm-none-eabi/lib/thumb/v7-m/nofp/libg_nano.a(lib_a-memcpy.o)
 .debug_abbrev  0x0000000000001fca       0xb4 /usr/lib/gcc/arm-none-eabi/10.3.1/../../../arm-none-eabi/lib/thumb/v7-m/nofp/libg_nano.a(lib_a-memset.o)
 .debug_abbrev  0x000000000000207e      0x245 /usr/lib/gcc/arm-none-eabi/10.3.1/../../../arm-none-eabi/lib/thumb/v7-m/nofp/libg_nano.a(lib_a-nano-freer.o)
 .debug_abbrev  0x00000000000022c3      0x290 /usr/lib/gcc/arm-none-eabi/10.3.1/../../../arm-none-eabi/lib/thumb/v7-m/nofp/libg_nano.a(lib_a-nano-mallocr.o)
 .debug_abbrev  0x0000000000002553      0x1d6 /usr/lib/gcc/arm-none-eabi/10.3.1/../../../arm-none-eabi/lib/thumb/v7-m/nofp/libg_nano.a(lib_a-sbrkr.o)
 .debug_abbrev  0x0000000000002729      0x1fb /usr/lib/gcc/arm-none-eabi/10.3.1/../../../arm-none-eabi/lib/thumb/v7-m/nofp/libg_nano.a(lib_a-stdio.o)
 .debug_abbrev  0x0000000000002924       0x79 /usr/lib/gcc/arm-none-eabi/10.3.1/../../../arm-none-eabi/lib/thumb/v7-m/nofp/libg_nano.a(lib_a-strlen-stub.o)
 .debug_abbrev  0x000000000000299d      0x1b0 /usr/lib/gcc/arm-none-eabi/10.3.1/../../../arm-none-eabi/lib/thumb/v7-m/nofp/libg_nano.a(lib_a-writer.o)
 .debug_abbrev  0x0000000000002b4d      0x1ab /usr/lib/gcc/arm-none-eabi/10.3.1/../../../arm-none-eabi/lib/thumb/v7-m/nofp/libg_nano.a(lib_a-closer.o)
 .debug_abbrev  0x0000000000002cf8      0x1bf /usr/lib/gcc/arm-none-eabi/10.3.1/../../../arm-none-eabi/lib/thumb/v7-m/nofp/libg_nano.a(lib_a-lseekr.o)
 .debug_abbrev  0x0000000000002eb7      0x189 /usr/lib/gcc/arm-none-eabi/10.3.1/../../../arm-none-eabi/lib/thumb/v7-m/nofp/libg_nano.a(lib_a-mlock.o)
 .debug_abbrev  0x0000000000003040      0x1ab /usr/lib/gcc/arm-none-eabi/10.3.1/../../../arm-none-eabi/lib/thumb/v7-m/nofp/libg_nano.a(lib_a-readr.o)
 .debug_abbrev  0x00000000000031eb      0x265 /usr/lib/gcc/arm-none-eabi/10.3.1/../../../arm-none-eabi/lib/thumb/v7-m/nofp/libg_nano.a(lib_a-reent.o)
 .debug_abbrev  0x0000000000003450      0x4d4 /usr/lib/gcc/arm-none-eabi/10.3.1/../../../arm-none-eabi/lib/thumb/v7-m/nofp/librdimon_nano.a(rdimon-syscalls.o)
 .debug_abbrev  0x0000000000003924      0x157 /usr/lib/gcc/arm-none-eabi/10.3.1/../../../arm-none-eabi/lib/thumb/v7-m/nofp/libc_nano.a(lib_a-errno.o)

.debug_aranges  0x0000000000000000      0xa08
 .debug_aranges
                0x0000000000000000       0x40 ./output/list.o
 .debug_aranges
                0x0000000000000040      0x170 ./output/queue.o
 .debug_aranges
                0x00000000000001b0       0xf8 ./output/timers.o
 .debug_aranges
                0x00000000000002a8       0x60 ./output/heap_4.o
 .debug_aranges
                0x0000000000000308       0x78 ./output/port.o
 .debug_aranges
                0x0000000000000380      0x248 ./output/tasks.o
 .debug_aranges
                0x00000000000005c8       0x78 ./output/IntQueue.o
 .debug_aranges
                0x0000000000000640       0x40 ./output/IntQueueTimer.o
 .debug_aranges
                0x0000000000000680       0x70 ./output/main.o
 .debug_aranges
                0x00000000000006f0       0x30 ./output/main_tasks_edf.o
 .debug_aranges
                0x0000000000000720       0x38 ./output/startup_gcc.o
 .debug_aranges
                0x0000000000000758       0x58 ./output/printf-stdarg.o
 .debug_aranges
                0x00000000000007b0       0x20 /usr/lib/gcc/arm-none-eabi/10.3.1/../../../arm-none-eabi/lib/thumb/v7-m/nofp/libg_nano.a(lib_a-fflush.o)
 .debug_aranges
                0x00000000000007d0       0x20 /usr/lib/gcc/arm-none-eabi/10.3.1/../../../arm-none-eabi/lib/thumb/v7-m/nofp/libg_nano.a(lib_a-findfp.o)
 .debug_aranges
                0x00000000000007f0       0x20 /usr/lib/gcc/arm-none-eabi/10.3.1/../../../arm-none-eabi/lib/thumb/v7-m/nofp/libg_nano.a(lib_a-fwalk.o)
 .debug_aranges
                0x0000000000000810       0x18 /usr/lib/gcc/arm-none-eabi/10.3.1/../../../arm-none-eabi/lib/thumb/v7-m/nofp/libg_nano.a(lib_a-impure.o)
 .debug_aranges
                0x0000000000000828       0x20 /usr/lib/gcc/arm-none-eabi/10.3.1/../../../arm-none-eabi/lib/thumb/v7-m/nofp/libg_nano.a(lib_a-memcpy.o)
 .debug_aranges
                0x0000000000000848       0x20 /usr/lib/gcc/arm-none-eabi/10.3.1/../../../arm-none-eabi/lib/thumb/v7-m/nofp/libg_nano.a(lib_a-memset.o)
 .debug_aranges
                0x0000000000000868       0x20 /usr/lib/gcc/arm-none-eabi/10.3.1/../../../arm-none-eabi/lib/thumb/v7-m/nofp/libg_nano.a(lib_a-nano-freer.o)
 .debug_aranges
                0x0000000000000888       0x20 /usr/lib/gcc/arm-none-eabi/10.3.1/../../../arm-none-eabi/lib/thumb/v7-m/nofp/libg_nano.a(lib_a-nano-mallocr.o)
 .debug_aranges
                0x00000000000008a8       0x20 /usr/lib/gcc/arm-none-eabi/10.3.1/../../../arm-none-eabi/lib/thumb/v7-m/nofp/libg_nano.a(lib_a-sbrkr.o)
 .debug_aranges
                0x00000000000008c8       0x20 /usr/lib/gcc/arm-none-eabi/10.3.1/../../../arm-none-eabi/lib/thumb/v7-m/nofp/libg_nano.a(lib_a-stdio.o)
 .debug_aranges
                0x00000000000008e8       0x20 /usr/lib/gcc/arm-none-eabi/10.3.1/../../../arm-none-eabi/lib/thumb/v7-m/nofp/libg_nano.a(lib_a-strlen-stub.o)
 .debug_aranges
                0x0000000000000908       0x20 /usr/lib/gcc/arm-none-eabi/10.3.1/../../../arm-none-eabi/lib/thumb/v7-m/nofp/libg_nano.a(lib_a-writer.o)
 .debug_aranges
                0x0000000000000928       0x20 /usr/lib/gcc/arm-none-eabi/10.3.1/../../../arm-none-eabi/lib/thumb/v7-m/nofp/libg_nano.a(lib_a-closer.o)
 .debug_aranges
                0x0000000000000948       0x20 /usr/lib/gcc/arm-none-eabi/10.3.1/../../../arm-none-eabi/lib/thumb/v7-m/nofp/libg_nano.a(lib_a-lseekr.o)
 .debug_aranges
                0x0000000000000968       0x20 /usr/lib/gcc/arm-none-eabi/10.3.1/../../../arm-none-eabi/lib/thumb/v7-m/nofp/libg_nano.a(lib_a-mlock.o)
 .debug_aranges
                0x0000000000000988       0x20 /usr/lib/gcc/arm-none-eabi/10.3.1/../../../arm-none-eabi/lib/thumb/v7-m/nofp/libg_nano.a(lib_a-readr.o)
 .debug_aranges
                0x00000000000009a8       0x20 /usr/lib/gcc/arm-none-eabi/10.3.1/../../../arm-none-eabi/lib/thumb/v7-m/nofp/libg_nano.a(lib_a-reent.o)
 .debug_aranges
                0x00000000000009c8       0x20 /usr/lib/gcc/arm-none-eabi/10.3.1/../../../arm-none-eabi/lib/thumb/v7-m/nofp/librdimon_nano.a(rdimon-syscalls.o)
 .debug_aranges
                0x00000000000009e8       0x20 /usr/lib/gcc/arm-none-eabi/10.3.1/../../../arm-none-eabi/lib/thumb/v7-m/nofp/libc_nano.a(lib_a-errno.o)

.debug_ranges   0x0000000000000000     0x1778
 .debug_ranges  0x0000000000000000       0x30 ./output/list.o
 .debug_ranges  0x0000000000000030      0x160 ./output/queue.o
 .debug_ranges  0x0000000000000190       0xe8 ./output/timers.o
 .debug_ranges  0x0000000000000278       0x50 ./output/heap_4.o
 .debug_ranges  0x00000000000002c8       0x68 ./output/port.o
 .debug_ranges  0x0000000000000330      0x238 ./output/tasks.o
 .debug_ranges  0x0000000000000568       0x68 ./output/IntQueue.o
 .debug_ranges  0x00000000000005d0       0x30 ./output/IntQueueTimer.o
 .debug_ranges  0x0000000000000600       0x60 ./output/main.o
 .debug_ranges  0x0000000000000660       0x20 ./output/main_tasks_edf.o
 .debug_ranges  0x0000000000000680       0x28 ./output/startup_gcc.o
 .debug_ranges  0x00000000000006a8       0x48 ./output/printf-stdarg.o
 .debug_ranges  0x00000000000006f0       0xb8 /usr/lib/gcc/arm-none-eabi/10.3.1/../../../arm-none-eabi/lib/thumb/v7-m/nofp/libg_nano.a(lib_a-fflush.o)
 .debug_ranges  0x00000000000007a8      0x140 /usr/lib/gcc/arm-none-eabi/10.3.1/../../../arm-none-eabi/lib/thumb/v7-m/nofp/libg_nano.a(lib_a-findfp.o)
 .debug_ranges  0x00000000000008e8       0x18 /usr/lib/gcc/arm-none-eabi/10.3.1/../../../arm-none-eabi/lib/thumb/v7-m/nofp/libg_nano.a(lib_a-nano-freer.o)
 .debug_ranges  0x0000000000000900       0x38 /usr/lib/gcc/arm-none-eabi/10.3.1/../../../arm-none-eabi/lib/thumb/v7-m/nofp/libg_nano.a(lib_a-nano-mallocr.o)
 .debug_ranges  0x0000000000000938       0x10 /usr/lib/gcc/arm-none-eabi/10.3.1/../../../arm-none-eabi/lib/thumb/v7-m/nofp/libg_nano.a(lib_a-strlen-stub.o)
 .debug_ranges  0x0000000000000948      0xe30 /usr/lib/gcc/arm-none-eabi/10.3.1/../../../arm-none-eabi/lib/thumb/v7-m/nofp/librdimon_nano.a(rdimon-syscalls.o)

.debug_macro    0x0000000000000000     0x6195
 .debug_macro   0x0000000000000000      0x237 ./output/list.o
 .debug_macro   0x0000000000000237      0xa5a ./output/list.o
 .debug_macro   0x0000000000000c91       0x18 ./output/list.o
 .debug_macro   0x0000000000000ca9       0x22 ./output/list.o
 .debug_macro   0x0000000000000ccb       0x52 ./output/list.o
 .debug_macro   0x0000000000000d1d       0x94 ./output/list.o
 .debug_macro   0x0000000000000db1       0x35 ./output/list.o
 .debug_macro   0x0000000000000de6       0x34 ./output/list.o
 .debug_macro   0x0000000000000e1a       0x16 ./output/list.o
 .debug_macro   0x0000000000000e30      0x10e ./output/list.o
 .debug_macro   0x0000000000000f3e       0x8d ./output/list.o
 .debug_macro   0x0000000000000fcb       0x16 ./output/list.o
 .debug_macro   0x0000000000000fe1       0x43 ./output/list.o
 .debug_macro   0x0000000000001024       0x57 ./output/list.o
 .debug_macro   0x000000000000107b       0x34 ./output/list.o
 .debug_macro   0x00000000000010af       0x10 ./output/list.o
 .debug_macro   0x00000000000010bf       0x52 ./output/list.o
 .debug_macro   0x0000000000001111      0x182 ./output/list.o
 .debug_macro   0x0000000000001293      0x333 ./output/list.o
 .debug_macro   0x00000000000015c6       0x16 ./output/list.o
 .debug_macro   0x00000000000015dc       0x29 ./output/list.o
 .debug_macro   0x0000000000001605      0x34e ./output/list.o
 .debug_macro   0x0000000000001953       0x1c ./output/list.o
 .debug_macro   0x000000000000196f       0x35 ./output/list.o
 .debug_macro   0x00000000000019a4       0x10 ./output/list.o
 .debug_macro   0x00000000000019b4       0x10 ./output/list.o
 .debug_macro   0x00000000000019c4       0x6a ./output/list.o
 .debug_macro   0x0000000000001a2e       0x1c ./output/list.o
 .debug_macro   0x0000000000001a4a       0x52 ./output/list.o
 .debug_macro   0x0000000000001a9c       0x22 ./output/list.o
 .debug_macro   0x0000000000001abe       0x10 ./output/list.o
 .debug_macro   0x0000000000001ace       0x40 ./output/list.o
 .debug_macro   0x0000000000001b0e       0xd5 ./output/list.o
 .debug_macro   0x0000000000001be3       0x1c ./output/list.o
 .debug_macro   0x0000000000001bff       0x3d ./output/list.o
 .debug_macro   0x0000000000001c3c       0x16 ./output/list.o
 .debug_macro   0x0000000000001c52      0x16f ./output/list.o
 .debug_macro   0x0000000000001dc1      0x1a9 ./output/list.o
 .debug_macro   0x0000000000001f6a      0x15a ./output/list.o
 .debug_macro   0x00000000000020c4       0xe4 ./output/list.o
 .debug_macro   0x00000000000021a8       0x28 ./output/list.o
 .debug_macro   0x00000000000021d0       0x1f ./output/list.o
 .debug_macro   0x00000000000021ef       0x12 ./output/list.o
 .debug_macro   0x0000000000002201      0x49a ./output/list.o
 .debug_macro   0x000000000000269b       0xc3 ./output/list.o
 .debug_macro   0x000000000000275e      0x2c9 ./output/queue.o
 .debug_macro   0x0000000000002a27       0x16 ./output/queue.o
 .debug_macro   0x0000000000002a3d      0x120 ./output/queue.o
 .debug_macro   0x0000000000002b5d       0x80 ./output/queue.o
 .debug_macro   0x0000000000002bdd      0x286 ./output/timers.o
 .debug_macro   0x0000000000002e63       0x97 ./output/timers.o
 .debug_macro   0x0000000000002efa      0x2b3 ./output/heap_4.o
 .debug_macro   0x00000000000031ad      0x2e8 ./output/port.o
 .debug_macro   0x0000000000003495      0x31e ./output/tasks.o
 .debug_macro   0x00000000000037b3       0x16 ./output/tasks.o
 .debug_macro   0x00000000000037c9      0x2f4 ./output/IntQueue.o
 .debug_macro   0x0000000000003abd      0x2a0 ./output/IntQueueTimer.o
 .debug_macro   0x0000000000003d5d       0x22 ./output/IntQueueTimer.o
 .debug_macro   0x0000000000003d7f       0x1c ./output/IntQueueTimer.o
 .debug_macro   0x0000000000003d9b       0x22 ./output/IntQueueTimer.o
 .debug_macro   0x0000000000003dbd       0xd6 ./output/IntQueueTimer.o
 .debug_macro   0x0000000000003e93      0xe2d ./output/IntQueueTimer.o
 .debug_macro   0x0000000000004cc0      0x11f ./output/IntQueueTimer.o
 .debug_macro   0x0000000000004ddf      0x7b3 ./output/IntQueueTimer.o
 .debug_macro   0x0000000000005592      0x4a6 ./output/IntQueueTimer.o
 .debug_macro   0x0000000000005a38      0x293 ./output/main.o
 .debug_macro   0x0000000000005ccb      0x283 ./output/main_tasks_edf.o
 .debug_macro   0x0000000000005f4e      0x1b1 ./output/startup_gcc.o
 .debug_macro   0x00000000000060ff       0x3e ./output/printf-stdarg.o
 .debug_macro   0x000000000000613d       0x58 ./output/printf-stdarg.o

.debug_line     0x0000000000000000     0xa333
 .debug_line    0x0000000000000000      0x461 ./output/list.o
 .debug_line    0x0000000000000461     0x12da ./output/queue.o
 .debug_line    0x000000000000173b      0x938 ./output/timers.o
 .debug_line    0x0000000000002073      0x6b2 ./output/heap_4.o
 .debug_line    0x0000000000002725      0x59d ./output/port.o
 .debug_line    0x0000000000002cc2     0x1ade ./output/tasks.o
 .debug_line    0x00000000000047a0      0x93a ./output/IntQueue.o
 .debug_line    0x00000000000050da      0x51c ./output/IntQueueTimer.o
 .debug_line    0x00000000000055f6      0x519 ./output/main.o
 .debug_line    0x0000000000005b0f      0x420 ./output/main_tasks_edf.o
 .debug_line    0x0000000000005f2f      0x295 ./output/startup_gcc.o
 .debug_line    0x00000000000061c4      0x3e2 ./output/printf-stdarg.o
 .debug_line    0x00000000000065a6      0x494 /usr/lib/gcc/arm-none-eabi/10.3.1/../../../arm-none-eabi/lib/thumb/v7-m/nofp/libg_nano.a(lib_a-fflush.o)
 .debug_line    0x0000000000006a3a      0x5ab /usr/lib/gcc/arm-none-eabi/10.3.1/../../../arm-none-eabi/lib/thumb/v7-m/nofp/libg_nano.a(lib_a-findfp.o)
 .debug_line    0x0000000000006fe5      0x27a /usr/lib/gcc/arm-none-eabi/10.3.1/../../../arm-none-eabi/lib/thumb/v7-m/nofp/libg_nano.a(lib_a-fwalk.o)
 .debug_line    0x000000000000725f       0xe4 /usr/lib/gcc/arm-none-eabi/10.3.1/../../../arm-none-eabi/lib/thumb/v7-m/nofp/libg_nano.a(lib_a-impure.o)
 .debug_line    0x0000000000007343       0xc1 /usr/lib/gcc/arm-none-eabi/10.3.1/../../../arm-none-eabi/lib/thumb/v7-m/nofp/libg_nano.a(lib_a-memcpy.o)
 .debug_line    0x0000000000007404      0x1bf /usr/lib/gcc/arm-none-eabi/10.3.1/../../../arm-none-eabi/lib/thumb/v7-m/nofp/libg_nano.a(lib_a-memset.o)
 .debug_line    0x00000000000075c3      0x2e5 /usr/lib/gcc/arm-none-eabi/10.3.1/../../../arm-none-eabi/lib/thumb/v7-m/nofp/libg_nano.a(lib_a-nano-freer.o)
 .debug_line    0x00000000000078a8      0x2d6 /usr/lib/gcc/arm-none-eabi/10.3.1/../../../arm-none-eabi/lib/thumb/v7-m/nofp/libg_nano.a(lib_a-nano-mallocr.o)
 .debug_line    0x0000000000007b7e      0x186 /usr/lib/gcc/arm-none-eabi/10.3.1/../../../arm-none-eabi/lib/thumb/v7-m/nofp/libg_nano.a(lib_a-sbrkr.o)
 .debug_line    0x0000000000007d04      0x231 /usr/lib/gcc/arm-none-eabi/10.3.1/../../../arm-none-eabi/lib/thumb/v7-m/nofp/libg_nano.a(lib_a-stdio.o)
 .debug_line    0x0000000000007f35       0xf4 /usr/lib/gcc/arm-none-eabi/10.3.1/../../../arm-none-eabi/lib/thumb/v7-m/nofp/libg_nano.a(lib_a-strlen-stub.o)
 .debug_line    0x0000000000008029      0x18d /usr/lib/gcc/arm-none-eabi/10.3.1/../../../arm-none-eabi/lib/thumb/v7-m/nofp/libg_nano.a(lib_a-writer.o)
 .debug_line    0x00000000000081b6      0x186 /usr/lib/gcc/arm-none-eabi/10.3.1/../../../arm-none-eabi/lib/thumb/v7-m/nofp/libg_nano.a(lib_a-closer.o)
 .debug_line    0x000000000000833c      0x18d /usr/lib/gcc/arm-none-eabi/10.3.1/../../../arm-none-eabi/lib/thumb/v7-m/nofp/libg_nano.a(lib_a-lseekr.o)
 .debug_line    0x00000000000084c9      0x13e /usr/lib/gcc/arm-none-eabi/10.3.1/../../../arm-none-eabi/lib/thumb/v7-m/nofp/libg_nano.a(lib_a-mlock.o)
 .debug_line    0x0000000000008607      0x18c /usr/lib/gcc/arm-none-eabi/10.3.1/../../../arm-none-eabi/lib/thumb/v7-m/nofp/libg_nano.a(lib_a-readr.o)
 .debug_line    0x0000000000008793      0x2c7 /usr/lib/gcc/arm-none-eabi/10.3.1/../../../arm-none-eabi/lib/thumb/v7-m/nofp/libg_nano.a(lib_a-reent.o)
 .debug_line    0x0000000000008a5a     0x17d0 /usr/lib/gcc/arm-none-eabi/10.3.1/../../../arm-none-eabi/lib/thumb/v7-m/nofp/librdimon_nano.a(rdimon-syscalls.o)
 .debug_line    0x000000000000a22a      0x109 /usr/lib/gcc/arm-none-eabi/10.3.1/../../../arm-none-eabi/lib/thumb/v7-m/nofp/libc_nano.a(lib_a-errno.o)

.debug_str      0x0000000000000000    0x1e633
 .debug_str     0x0000000000000000     0xb4c2 ./output/list.o
                                       0xb731 (size before relaxing)
 .debug_str     0x000000000000b4c2     0x25be ./output/queue.o
                                       0xdd22 (size before relaxing)
 .debug_str     0x000000000000da80      0xdd4 ./output/timers.o
                                       0xdeca (size before relaxing)
 .debug_str     0x000000000000e854      0x5d6 ./output/heap_4.o
                                       0xce8c (size before relaxing)
 .debug_str     0x000000000000ee2a      0x7a3 ./output/port.o
                                       0xd014 (size before relaxing)
 .debug_str     0x000000000000f5cd     0x1696 ./output/tasks.o
                                       0xe975 (size before relaxing)
 .debug_str     0x0000000000010c63      0xb14 ./output/IntQueue.o
                                       0xdb75 (size before relaxing)
 .debug_str     0x0000000000011777     0xb49c ./output/IntQueueTimer.o
                                      0x15fb7 (size before relaxing)
 .debug_str     0x000000000001cc13      0x3fc ./output/main.o
                                       0xcc9c (size before relaxing)
 .debug_str     0x000000000001d00f       0xff ./output/main_tasks_edf.o
                                       0xc942 (size before relaxing)
 .debug_str     0x000000000001d10e      0x487 ./output/startup_gcc.o
                                       0x7a14 (size before relaxing)
 .debug_str     0x000000000001d595      0x1dc ./output/printf-stdarg.o
                                       0x2f1e (size before relaxing)
 .debug_str     0x000000000001d771      0x1b1 /usr/lib/gcc/arm-none-eabi/10.3.1/../../../arm-none-eabi/lib/thumb/v7-m/nofp/libg_nano.a(lib_a-fflush.o)
                                        0x5b6 (size before relaxing)
 .debug_str     0x000000000001d922      0x1d4 /usr/lib/gcc/arm-none-eabi/10.3.1/../../../arm-none-eabi/lib/thumb/v7-m/nofp/libg_nano.a(lib_a-findfp.o)
                                        0x72f (size before relaxing)
 .debug_str     0x000000000001daf6       0x41 /usr/lib/gcc/arm-none-eabi/10.3.1/../../../arm-none-eabi/lib/thumb/v7-m/nofp/libg_nano.a(lib_a-fwalk.o)
                                        0x51c (size before relaxing)
 .debug_str     0x000000000001db37       0x9c /usr/lib/gcc/arm-none-eabi/10.3.1/../../../arm-none-eabi/lib/thumb/v7-m/nofp/libg_nano.a(lib_a-impure.o)
                                        0x556 (size before relaxing)
 .debug_str     0x000000000001dbd3       0xb2 /usr/lib/gcc/arm-none-eabi/10.3.1/../../../arm-none-eabi/lib/thumb/v7-m/nofp/libg_nano.a(lib_a-memcpy.o)
 .debug_str     0x000000000001dc85       0xa6 /usr/lib/gcc/arm-none-eabi/10.3.1/../../../arm-none-eabi/lib/thumb/v7-m/nofp/libg_nano.a(lib_a-memset.o)
                                        0x1b8 (size before relaxing)
 .debug_str     0x000000000001dd2b      0x112 /usr/lib/gcc/arm-none-eabi/10.3.1/../../../arm-none-eabi/lib/thumb/v7-m/nofp/libg_nano.a(lib_a-nano-freer.o)
                                        0x58d (size before relaxing)
 .debug_str     0x000000000001de3d       0x46 /usr/lib/gcc/arm-none-eabi/10.3.1/../../../arm-none-eabi/lib/thumb/v7-m/nofp/libg_nano.a(lib_a-nano-mallocr.o)
                                        0x5b8 (size before relaxing)
 .debug_str     0x000000000001de83       0x3d /usr/lib/gcc/arm-none-eabi/10.3.1/../../../arm-none-eabi/lib/thumb/v7-m/nofp/libg_nano.a(lib_a-sbrkr.o)
                                        0x50e (size before relaxing)
 .debug_str     0x000000000001dec0       0x92 /usr/lib/gcc/arm-none-eabi/10.3.1/../../../arm-none-eabi/lib/thumb/v7-m/nofp/libg_nano.a(lib_a-stdio.o)
                                        0x56b (size before relaxing)
 .debug_str     0x000000000001df52       0x48 /usr/lib/gcc/arm-none-eabi/10.3.1/../../../arm-none-eabi/lib/thumb/v7-m/nofp/libg_nano.a(lib_a-strlen-stub.o)
                                        0x1b6 (size before relaxing)
 .debug_str     0x000000000001df9a       0x33 /usr/lib/gcc/arm-none-eabi/10.3.1/../../../arm-none-eabi/lib/thumb/v7-m/nofp/libg_nano.a(lib_a-writer.o)
                                        0x50b (size before relaxing)
 .debug_str     0x000000000001dfcd       0x33 /usr/lib/gcc/arm-none-eabi/10.3.1/../../../arm-none-eabi/lib/thumb/v7-m/nofp/libg_nano.a(lib_a-closer.o)
                                        0x4fb (size before relaxing)
 .debug_str     0x000000000001e000       0x3a /usr/lib/gcc/arm-none-eabi/10.3.1/../../../arm-none-eabi/lib/thumb/v7-m/nofp/libg_nano.a(lib_a-lseekr.o)
                                        0x509 (size before relaxing)
 .debug_str     0x000000000001e03a       0x4c /usr/lib/gcc/arm-none-eabi/10.3.1/../../../arm-none-eabi/lib/thumb/v7-m/nofp/libg_nano.a(lib_a-mlock.o)
                                        0x524 (size before relaxing)
 .debug_str     0x000000000001e086       0x32 /usr/lib/gcc/arm-none-eabi/10.3.1/../../../arm-none-eabi/lib/thumb/v7-m/nofp/libg_nano.a(lib_a-readr.o)
                                        0x509 (size before relaxing)
 .debug_str     0x000000000001e0b8       0x5e /usr/lib/gcc/arm-none-eabi/10.3.1/../../../arm-none-eabi/lib/thumb/v7-m/nofp/libg_nano.a(lib_a-reent.o)
                                        0x536 (size before relaxing)
 .debug_str     0x000000000001e116      0x48e /usr/lib/gcc/arm-none-eabi/10.3.1/../../../arm-none-eabi/lib/thumb/v7-m/nofp/librdimon_nano.a(rdimon-syscalls.o)
                                        0x96e (size before relaxing)
 .debug_str     0x000000000001e5a4       0x8f /usr/lib/gcc/arm-none-eabi/10.3.1/../../../arm-none-eabi/lib/thumb/v7-m/nofp/libc_nano.a(lib_a-errno.o)
                                        0x4ff (size before relaxing)

.comment        0x0000000000000000       0x33
 .comment       0x0000000000000000       0x33 ./output/list.o
                                         0x34 (size before relaxing)
 .comment       0x0000000000000033       0x34 ./output/queue.o
 .comment       0x0000000000000033       0x34 ./output/timers.o
 .comment       0x0000000000000033       0x34 ./output/heap_4.o
 .comment       0x0000000000000033       0x34 ./output/port.o
 .comment       0x0000000000000033       0x34 ./output/tasks.o
 .comment       0x0000000000000033       0x34 ./output/IntQueue.o
 .comment       0x0000000000000033       0x34 ./output/IntQueueTimer.o
 .comment       0x0000000000000033       0x34 ./output/main.o
 .comment       0x0000000000000033       0x34 ./output/main_tasks_edf.o
 .comment       0x0000000000000033       0x34 ./output/startup_gcc.o
 .comment       0x0000000000000033       0x34 ./output/printf-stdarg.o
 .comment       0x0000000000000033       0x34 /usr/lib/gcc/arm-none-eabi/10.3.1/../../../arm-none-eabi/lib/thumb/v7-m/nofp/libg_nano.a(lib_a-fflush.o)
 .comment       0x0000000000000033       0x34 /usr/lib/gcc/arm-none-eabi/10.3.1/../../../arm-none-eabi/lib/thumb/v7-m/nofp/libg_nano.a(lib_a-findfp.o)
 .comment       0x0000000000000033       0x34 /usr/lib/gcc/arm-none-eabi/10.3.1/../../../arm-none-eabi/lib/thumb/v7-m/nofp/libg_nano.a(lib_a-fwalk.o)
 .comment       0x0000000000000033       0x34 /usr/lib/gcc/arm-none-eabi/10.3.1/../../../arm-none-eabi/lib/thumb/v7-m/nofp/libg_nano.a(lib_a-impure.o)
 .comment       0x0000000000000033       0x34 /usr/lib/gcc/arm-none-eabi/10.3.1/../../../arm-none-eabi/lib/thumb/v7-m/nofp/libg_nano.a(lib_a-memset.o)
 .comment       0x0000000000000033       0x34 /usr/lib/gcc/arm-none-eabi/10.3.1/../../../arm-none-eabi/lib/thumb/v7-m/nofp/libg_nano.a(lib_a-nano-freer.o)
 .comment       0x0000000000000033       0x34 /usr/lib/gcc/arm-none-eabi/10.3.1/../../../arm-none-eabi/lib/thumb/v7-m/nofp/libg_nano.a(lib_a-nano-mallocr.o)
 .comment       0x0000000000000033       0x34 /usr/lib/gcc/arm-none-eabi/10.3.1/../../../arm-none-eabi/lib/thumb/v7-m/nofp/libg_nano.a(lib_a-sbrkr.o)
 .comment       0x0000000000000033       0x34 /usr/lib/gcc/arm-none-eabi/10.3.1/../../../arm-none-eabi/lib/thumb/v7-m/nofp/libg_nano.a(lib_a-stdio.o)
 .comment       0x0000000000000033       0x34 /usr/lib/gcc/arm-none-eabi/10.3.1/../../../arm-none-eabi/lib/thumb/v7-m/nofp/libg_nano.a(lib_a-strlen-stub.o)
 .comment       0x0000000000000033       0x34 /usr/lib/gcc/arm-none-eabi/10.3.1/../../../arm-none-eabi/lib/thumb/v7-m/nofp/libg_nano.a(lib_a-writer.o)
 .comment       0x0000000000000033       0x34 /usr/lib/gcc/arm-none-eabi/10.3.1/../../../arm-none-eabi/lib/thumb/v7-m/nofp/libg_nano.a(lib_a-closer.o)
 .comment       0x0000000000000033       0x34 /usr/lib/gcc/arm-none-eabi/10.3.1/../../../arm-none-eabi/lib/thumb/v7-m/nofp/libg_nano.a(lib_a-lseekr.o)
 .comment       0x0000000000000033       0x34 /usr/lib/gcc/arm-none-eabi/10.3.1/../../../arm-none-eabi/lib/thumb/v7-m/nofp/libg_nano.a(lib_a-mlock.o)
 .comment       0x0000000000000033       0x34 /usr/lib/gcc/arm-none-eabi/10.3.1/../../../arm-none-eabi/lib/thumb/v7-m/nofp/libg_nano.a(lib_a-readr.o)
 .comment       0x0000000000000033       0x34 /usr/lib/gcc/arm-none-eabi/10.3.1/../../../arm-none-eabi/lib/thumb/v7-m/nofp/libg_nano.a(lib_a-reent.o)
 .comment       0x0000000000000033       0x34 /usr/lib/gcc/arm-none-eabi/10.3.1/../../../arm-none-eabi/lib/thumb/v7-m/nofp/librdimon_nano.a(rdimon-syscalls.o)
 .comment       0x0000000000000033       0x34 /usr/lib/gcc/arm-none-eabi/10.3.1/../../../arm-none-eabi/lib/thumb/v7-m/nofp/libc_nano.a(lib_a-errno.o)

.ARM.attributes
                0x0000000000000000       0x2b
 .ARM.attributes
                0x0000000000000000       0x2d ./output/list.o
 .ARM.attributes
                0x000000000000002d       0x2d ./output/queue.o
 .ARM.attributes
                0x000000000000005a       0x2d ./output/timers.o
 .ARM.attributes
                0x0000000000000087       0x2d ./output/heap_4.o
 .ARM.attributes
                0x00000000000000b4       0x2d ./output/port.o
 .ARM.attributes
                0x00000000000000e1       0x2d ./output/tasks.o
 .ARM.attributes
                0x000000000000010e       0x2d ./output/IntQueue.o
 .ARM.attributes
                0x000000000000013b       0x2d ./output/IntQueueTimer.o
 .ARM.attributes
                0x0000000000000168       0x2d ./output/main.o
 .ARM.attributes
                0x0000000000000195       0x2d ./output/main_tasks_edf.o
 .ARM.attributes
                0x00000000000001c2       0x2d ./output/startup_gcc.o
 .ARM.attributes
                0x00000000000001ef       0x2d ./output/printf-stdarg.o
 .ARM.attributes
                0x000000000000021c       0x2d /usr/lib/gcc/arm-none-eabi/10.3.1/../../../arm-none-eabi/lib/thumb/v7-m/nofp/libg_nano.a(lib_a-fflush.o)
 .ARM.attributes
                0x0000000000000249       0x2d /usr/lib/gcc/arm-none-eabi/10.3.1/../../../arm-none-eabi/lib/thumb/v7-m/nofp/libg_nano.a(lib_a-findfp.o)
 .ARM.attributes
                0x0000000000000276       0x2d /usr/lib/gcc/arm-none-eabi/10.3.1/../../../arm-none-eabi/lib/thumb/v7-m/nofp/libg_nano.a(lib_a-fwalk.o)
 .ARM.attributes
                0x00000000000002a3       0x2d /usr/lib/gcc/arm-none-eabi/10.3.1/../../../arm-none-eabi/lib/thumb/v7-m/nofp/libg_nano.a(lib_a-impure.o)
 .ARM.attributes
                0x00000000000002d0       0x1b /usr/lib/gcc/arm-none-eabi/10.3.1/../../../arm-none-eabi/lib/thumb/v7-m/nofp/libg_nano.a(lib_a-memcpy.o)
 .ARM.attributes
                0x00000000000002eb       0x2d /usr/lib/gcc/arm-none-eabi/10.3.1/../../../arm-none-eabi/lib/thumb/v7-m/nofp/libg_nano.a(lib_a-memset.o)
 .ARM.attributes
                0x0000000000000318       0x2d /usr/lib/gcc/arm-none-eabi/10.3.1/../../../arm-none-eabi/lib/thumb/v7-m/nofp/libg_nano.a(lib_a-nano-freer.o)
 .ARM.attributes
                0x0000000000000345       0x2d /usr/lib/gcc/arm-none-eabi/10.3.1/../../../arm-none-eabi/lib/thumb/v7-m/nofp/libg_nano.a(lib_a-nano-mallocr.o)
 .ARM.attributes
                0x0000000000000372       0x2d /usr/lib/gcc/arm-none-eabi/10.3.1/../../../arm-none-eabi/lib/thumb/v7-m/nofp/libg_nano.a(lib_a-sbrkr.o)
 .ARM.attributes
                0x000000000000039f       0x2d /usr/lib/gcc/arm-none-eabi/10.3.1/../../../arm-none-eabi/lib/thumb/v7-m/nofp/libg_nano.a(lib_a-stdio.o)
 .ARM.attributes
                0x00000000000003cc       0x2d /usr/lib/gcc/arm-none-eabi/10.3.1/../../../arm-none-eabi/lib/thumb/v7-m/nofp/libg_nano.a(lib_a-strlen-stub.o)
 .ARM.attributes
                0x00000000000003f9       0x2d /usr/lib/gcc/arm-none-eabi/10.3.1/../../../arm-none-eabi/lib/thumb/v7-m/nofp/libg_nano.a(lib_a-writer.o)
 .ARM.attributes
                0x0000000000000426       0x2d /usr/lib/gcc/arm-none-eabi/10.3.1/../../../arm-none-eabi/lib/thumb/v7-m/nofp/libg_nano.a(lib_a-closer.o)
 .ARM.attributes
                0x0000000000000453       0x2d /usr/lib/gcc/arm-none-eabi/10.3.1/../../../arm-none-eabi/lib/thumb/v7-m/nofp/libg_nano.a(lib_a-lseekr.o)
 .ARM.attributes
                0x0000000000000480       0x2d /usr/lib/gcc/arm-none-eabi/10.3.1/../../../arm-none-eabi/lib/thumb/v7-m/nofp/libg_nano.a(lib_a-mlock.o)
 .ARM.attributes
                0x00000000000004ad       0x2d /usr/lib/gcc/arm-none-eabi/10.3.1/../../../arm-none-eabi/lib/thumb/v7-m/nofp/libg_nano.a(lib_a-readr.o)
 .ARM.attributes
                0x00000000000004da       0x2d /usr/lib/gcc/arm-none-eabi/10.3.1/../../../arm-none-eabi/lib/thumb/v7-m/nofp/libg_nano.a(lib_a-reent.o)
 .ARM.attributes
                0x0000000000000507       0x2d /usr/lib/gcc/arm-none-eabi/10.3.1/../../../arm-none-eabi/lib/thumb/v7-m/nofp/librdimon_nano.a(rdimon-syscalls.o)
 .ARM.attributes
                0x0000000000000534       0x2d /usr/lib/gcc/arm-none-eabi/10.3.1/../../../arm-none-eabi/lib/thumb/v7-m/nofp/libc_nano.a(lib_a-errno.o)

.debug_frame    0x0000000000000000     0x2738
 .debug_frame   0x0000000000000000       0xd8 ./output/list.o
 .debug_frame   0x00000000000000d8      0x638 ./output/queue.o
 .debug_frame   0x0000000000000710      0x3f8 ./output/timers.o
 .debug_frame   0x0000000000000b08      0x150 ./output/heap_4.o
 .debug_frame   0x0000000000000c58      0x17c ./output/port.o
 .debug_frame   0x0000000000000dd4      0xa00 ./output/tasks.o
 .debug_frame   0x00000000000017d4      0x1ac ./output/IntQueue.o
 .debug_frame   0x0000000000001980       0xb4 ./output/IntQueueTimer.o
 .debug_frame   0x0000000000001a34      0x17c ./output/main.o
 .debug_frame   0x0000000000001bb0       0x70 ./output/main_tasks_edf.o
 .debug_frame   0x0000000000001c20       0x6c ./output/startup_gcc.o
 .debug_frame   0x0000000000001c8c      0x194 ./output/printf-stdarg.o
 .debug_frame   0x0000000000001e20       0x88 /usr/lib/gcc/arm-none-eabi/10.3.1/../../../arm-none-eabi/lib/thumb/v7-m/nofp/libg_nano.a(lib_a-fflush.o)
 .debug_frame   0x0000000000001ea8      0x120 /usr/lib/gcc/arm-none-eabi/10.3.1/../../../arm-none-eabi/lib/thumb/v7-m/nofp/libg_nano.a(lib_a-findfp.o)
 .debug_frame   0x0000000000001fc8       0x54 /usr/lib/gcc/arm-none-eabi/10.3.1/../../../arm-none-eabi/lib/thumb/v7-m/nofp/libg_nano.a(lib_a-fwalk.o)
 .debug_frame   0x000000000000201c       0x2c /usr/lib/gcc/arm-none-eabi/10.3.1/../../../arm-none-eabi/lib/thumb/v7-m/nofp/libg_nano.a(lib_a-memset.o)
 .debug_frame   0x0000000000002048       0x64 /usr/lib/gcc/arm-none-eabi/10.3.1/../../../arm-none-eabi/lib/thumb/v7-m/nofp/libg_nano.a(lib_a-nano-freer.o)
 .debug_frame   0x00000000000020ac       0x30 /usr/lib/gcc/arm-none-eabi/10.3.1/../../../arm-none-eabi/lib/thumb/v7-m/nofp/libg_nano.a(lib_a-nano-mallocr.o)
 .debug_frame   0x00000000000020dc       0x2c /usr/lib/gcc/arm-none-eabi/10.3.1/../../../arm-none-eabi/lib/thumb/v7-m/nofp/libg_nano.a(lib_a-sbrkr.o)
 .debug_frame   0x0000000000002108       0x8c /usr/lib/gcc/arm-none-eabi/10.3.1/../../../arm-none-eabi/lib/thumb/v7-m/nofp/libg_nano.a(lib_a-stdio.o)
 .debug_frame   0x0000000000002194       0x20 /usr/lib/gcc/arm-none-eabi/10.3.1/../../../arm-none-eabi/lib/thumb/v7-m/nofp/libg_nano.a(lib_a-strlen-stub.o)
 .debug_frame   0x00000000000021b4       0x2c /usr/lib/gcc/arm-none-eabi/10.3.1/../../../arm-none-eabi/lib/thumb/v7-m/nofp/libg_nano.a(lib_a-writer.o)
 .debug_frame   0x00000000000021e0       0x2c /usr/lib/gcc/arm-none-eabi/10.3.1/../../../arm-none-eabi/lib/thumb/v7-m/nofp/libg_nano.a(lib_a-closer.o)
 .debug_frame   0x000000000000220c       0x2c /usr/lib/gcc/arm-none-eabi/10.3.1/../../../arm-none-eabi/lib/thumb/v7-m/nofp/libg_nano.a(lib_a-lseekr.o)
 .debug_frame   0x0000000000002238       0x30 /usr/lib/gcc/arm-none-eabi/10.3.1/../../../arm-none-eabi/lib/thumb/v7-m/nofp/libg_nano.a(lib_a-mlock.o)
 .debug_frame   0x0000000000002268       0x2c /usr/lib/gcc/arm-none-eabi/10.3.1/../../../arm-none-eabi/lib/thumb/v7-m/nofp/libg_nano.a(lib_a-readr.o)
 .debug_frame   0x0000000000002294       0x70 /usr/lib/gcc/arm-none-eabi/10.3.1/../../../arm-none-eabi/lib/thumb/v7-m/nofp/libg_nano.a(lib_a-reent.o)
 .debug_frame   0x0000000000002304      0x414 /usr/lib/gcc/arm-none-eabi/10.3.1/../../../arm-none-eabi/lib/thumb/v7-m/nofp/librdimon_nano.a(rdimon-syscalls.o)
 .debug_frame   0x0000000000002718       0x20 /usr/lib/gcc/arm-none-eabi/10.3.1/../../../arm-none-eabi/lib/thumb/v7-m/nofp/libc_nano.a(lib_a-errno.o)

.debug_loc      0x0000000000000000     0x4333
 .debug_loc     0x0000000000000000      0x4c9 /usr/lib/gcc/arm-none-eabi/10.3.1/../../../arm-none-eabi/lib/thumb/v7-m/nofp/libg_nano.a(lib_a-fflush.o)
 .debug_loc     0x00000000000004c9      0x3d9 /usr/lib/gcc/arm-none-eabi/10.3.1/../../../arm-none-eabi/lib/thumb/v7-m/nofp/libg_nano.a(lib_a-findfp.o)
 .debug_loc     0x00000000000008a2      0x1bf /usr/lib/gcc/arm-none-eabi/10.3.1/../../../arm-none-eabi/lib/thumb/v7-m/nofp/libg_nano.a(lib_a-fwalk.o)
 .debug_loc     0x0000000000000a61      0x22c /usr/lib/gcc/arm-none-eabi/10.3.1/../../../arm-none-eabi/lib/thumb/v7-m/nofp/libg_nano.a(lib_a-memset.o)
 .debug_loc     0x0000000000000c8d      0x27f /usr/lib/gcc/arm-none-eabi/10.3.1/../../../arm-none-eabi/lib/thumb/v7-m/nofp/libg_nano.a(lib_a-nano-freer.o)
 .debug_loc     0x0000000000000f0c      0x3da /usr/lib/gcc/arm-none-eabi/10.3.1/../../../arm-none-eabi/lib/thumb/v7-m/nofp/libg_nano.a(lib_a-nano-mallocr.o)
 .debug_loc     0x00000000000012e6       0x6c /usr/lib/gcc/arm-none-eabi/10.3.1/../../../arm-none-eabi/lib/thumb/v7-m/nofp/libg_nano.a(lib_a-sbrkr.o)
 .debug_loc     0x0000000000001352      0x3a0 /usr/lib/gcc/arm-none-eabi/10.3.1/../../../arm-none-eabi/lib/thumb/v7-m/nofp/libg_nano.a(lib_a-stdio.o)
 .debug_loc     0x00000000000016f2       0x25 /usr/lib/gcc/arm-none-eabi/10.3.1/../../../arm-none-eabi/lib/thumb/v7-m/nofp/libg_nano.a(lib_a-strlen-stub.o)
 .debug_loc     0x0000000000001717       0xea /usr/lib/gcc/arm-none-eabi/10.3.1/../../../arm-none-eabi/lib/thumb/v7-m/nofp/libg_nano.a(lib_a-writer.o)
 .debug_loc     0x0000000000001801       0x6c /usr/lib/gcc/arm-none-eabi/10.3.1/../../../arm-none-eabi/lib/thumb/v7-m/nofp/libg_nano.a(lib_a-closer.o)
 .debug_loc     0x000000000000186d       0xea /usr/lib/gcc/arm-none-eabi/10.3.1/../../../arm-none-eabi/lib/thumb/v7-m/nofp/libg_nano.a(lib_a-lseekr.o)
 .debug_loc     0x0000000000001957       0xea /usr/lib/gcc/arm-none-eabi/10.3.1/../../../arm-none-eabi/lib/thumb/v7-m/nofp/libg_nano.a(lib_a-readr.o)
 .debug_loc     0x0000000000001a41      0x1cd /usr/lib/gcc/arm-none-eabi/10.3.1/../../../arm-none-eabi/lib/thumb/v7-m/nofp/libg_nano.a(lib_a-reent.o)
 .debug_loc     0x0000000000001c0e     0x2725 /usr/lib/gcc/arm-none-eabi/10.3.1/../../../arm-none-eabi/lib/thumb/v7-m/nofp/librdimon_nano.a(rdimon-syscalls.o)
